corin@otp-cdobrica-l1:~/Desktop/ubuntu-22.04$ uname -a
Linux otp-cdobrica-l1 5.15.0-40-generic #43-Ubuntu SMP Wed Jun 15 12:54:21 UTC 2022 x86_64 x86_64 x86_64 GNU/Linux



corin@otp-cdobrica-l1:~$ sudo lshw
[sudo] password for corin:
otp-cdobrica-l1
    description: Notebook
    product: Latitude 7400 (08E1)
    vendor: Dell Inc.
    serial: JRRS533
    width: 64 bits
    capabilities: smbios-3.2.1 dmi-3.2.1 smp vsyscall32
    configuration: boot=normal chassis=notebook family=Latitude sku=08E1 uuid=4c4c4544-0052-5210-8053-cac04f353333
  *-core
       description: Motherboard
       product: 07WDVW
       vendor: Dell Inc.
       physical id: 0
       version: A01
       serial: /JRRS533/CNCMK0004S09CE/
     *-firmware
          description: BIOS
          vendor: Dell Inc.
          physical id: 0
          version: 1.17.0
          date: 12/08/2021
          size: 64KiB
          capacity: 32MiB
          capabilities: pci pnp upgrade shadowing cdboot bootselect edd int13floppynec int13floppy1200 int13floppy720 int13floppy2880 int5printscreen int9keyboard int14serial int17printer acpi usb smartbattery biosbootspecification netboot uefi
     *-memory
          description: System Memory
          physical id: 20
          slot: System board or motherboard
          size: 16GiB
        *-bank:0
             description: SODIMM DDR4 Synchronous 2667 MHz (0,4 ns)
             product: HMA82GS6CJR8N-VK
             vendor: Hynix Semiconductor (Hyundai Electronics)
             physical id: 0
             serial: 346659CD
             slot: DIMM A
             size: 16GiB
             width: 64 bits
             clock: 2667MHz (0.4ns)
        *-bank:1
             description: DIMM [empty]
             physical id: 1
             slot: DIMM B
     *-cache:0
          description: L1 cache
          physical id: 29
          slot: L1 Cache
          size: 256KiB
          capacity: 256KiB
          capabilities: synchronous internal write-back unified
          configuration: level=1
     *-cache:1
          description: L2 cache
          physical id: 2a
          slot: L2 Cache
          size: 1MiB
          capacity: 1MiB
          capabilities: synchronous internal write-back unified
          configuration: level=2
     *-cache:2
          description: L3 cache
          physical id: 2b
          slot: L3 Cache
          size: 8MiB
          capacity: 8MiB
          capabilities: synchronous internal write-back unified
          configuration: level=3
     *-cpu
          description: CPU
          product: Intel(R) Core(TM) i7-8665U CPU @ 1.90GHz
          vendor: Intel Corp.
          physical id: 2c
          bus info: cpu@0
          version: 6.142.12
          slot: U3E1
          size: 3884MHz
          capacity: 4800MHz
          width: 64 bits
          clock: 100MHz
          capabilities: lm fpu fpu_exception wp vme de pse tsc msr pae mce cx8 apic sep mtrr pge mca cmov pat pse36 clflush dts acpi mmx fxsr sse sse2 ss ht tm pbe syscall nx pdpe1gb rdtscp x86-64 constant_tsc art arch_perfmon pebs bts rep_good nopl xtopology nonstop_tsc cpuid aperfmperf pni pclmulqdq dtes64 monitor ds_cpl vmx smx est tm2 ssse3 sdbg fma cx16 xtpr pdcm pcid sse4_1 sse4_2 x2apic movbe popcnt tsc_deadline_timer aes xsave avx f16c rdrand lahf_lm abm 3dnowprefetch cpuid_fault epb invpcid_single ssbd ibrs ibpb stibp ibrs_enhanced tpr_shadow vnmi flexpriority ept vpid ept_ad fsgsbase tsc_adjust bmi1 avx2 smep bmi2 erms invpcid mpx rdseed adx smap clflushopt intel_pt xsaveopt xsavec xgetbv1 xsaves dtherm ida arat pln pts hwp hwp_notify hwp_act_window hwp_epp md_clear flush_l1d arch_capabilities cpufreq
          configuration: cores=4 enabledcores=4 microcode=240 threads=8
     *-pci
          description: Host bridge
          product: Coffee Lake HOST and DRAM Controller
          vendor: Intel Corporation
          physical id: 100
          bus info: pci@0000:00:00.0
          version: 0c
          width: 32 bits
          clock: 33MHz
          configuration: driver=skl_uncore
          resources: irq:0
        *-display
             description: VGA compatible controller
             product: WhiskeyLake-U GT2 [UHD Graphics 620]
             vendor: Intel Corporation
             physical id: 2
             bus info: pci@0000:00:02.0
             logical name: /dev/fb0
             version: 02
             width: 64 bits
             clock: 33MHz
             capabilities: pciexpress msi pm vga_controller bus_master cap_list rom fb
             configuration: depth=32 driver=i915 latency=0 resolution=1920,1080
             resources: irq:168 memory:cb000000-cbffffff memory:80000000-8fffffff ioport:3000(size=64) memory:c0000-dffff
        *-generic:0
             description: Signal processing controller
             product: Xeon E3-1200 v5/E3-1500 v5/6th Gen Core Processor Thermal Subsystem
             vendor: Intel Corporation
             physical id: 4
             bus info: pci@0000:00:04.0
             version: 0c
             width: 64 bits
             clock: 33MHz
             capabilities: msi pm cap_list
             configuration: driver=proc_thermal latency=0
             resources: irq:16 memory:cc310000-cc317fff
        *-generic:1 UNCLAIMED
             description: System peripheral
             product: Xeon E3-1200 v5/v6 / E3-1500 v5 / 6th/7th/8th Gen Core Processor Gaussian Mixture Model
             vendor: Intel Corporation
             physical id: 8
             bus info: pci@0000:00:08.0
             version: 00
             width: 64 bits
             clock: 33MHz
             capabilities: msi pm cap_list
             configuration: latency=0
             resources: memory:cc32d000-cc32dfff
        *-generic:2
             description: Signal processing controller
             product: Cannon Point-LP Thermal Controller
             vendor: Intel Corporation
             physical id: 12
             bus info: pci@0000:00:12.0
             version: 30
             width: 64 bits
             clock: 33MHz
             capabilities: pm msi cap_list
             configuration: driver=intel_pch_thermal latency=0
             resources: irq:16 memory:cc32c000-cc32cfff
        *-communication:0
             description: Serial controller
             product: Cannon Point-LP Integrated Sensor Hub
             vendor: Intel Corporation
             physical id: 13
             bus info: pci@0000:00:13.0
             version: 30
             width: 64 bits
             clock: 33MHz
             capabilities: pm 8250 bus_master cap_list
             configuration: driver=intel_ish_ipc latency=0
             resources: irq:20 memory:cc322000-cc323fff
        *-usb
             description: USB controller
             product: Cannon Point-LP USB 3.1 xHCI Controller
             vendor: Intel Corporation
             physical id: 14
             bus info: pci@0000:00:14.0
             version: 30
             width: 64 bits
             clock: 33MHz
             capabilities: pm msi xhci cap_list
             configuration: driver=xhci_hcd latency=0
             resources: irq:130 memory:cc300000-cc30ffff
           *-usbhost:0
                product: xHCI Host Controller
                vendor: Linux 5.15.0-40-generic xhci-hcd
                physical id: 0
                bus info: usb@1
                logical name: usb1
                version: 5.15
                capabilities: usb-2.00
                configuration: driver=hub slots=12 speed=480Mbit/s
              *-usb:0
                   description: Video
                   product: Integrated_Webcam_HD: Integrate
                   vendor: CN093THN8LG0004AB6YLA01
                   physical id: 6
                   bus info: usb@1:6
                   logical name: input16
                   logical name: /dev/input/event5
                   logical name: input18
                   logical name: /dev/input/event12
                   version: 87.10
                   serial: 200901010001
                   capabilities: usb-2.01 usb
                   configuration: driver=uvcvideo maxpower=500mA speed=480Mbit/s
              *-usb:1 UNCLAIMED
                   description: Smart card reader
                   product: 58200
                   vendor: Broadcom Corp
                   physical id: 8
                   bus info: usb@1:8
                   version: 1.01
                   serial: 0123456789ABCD
                   capabilities: usb-2.00
                   configuration: maxpower=100mA speed=480Mbit/s
              *-usb:2
                   description: Bluetooth wireless interface
                   product: Bluetooth 9460/9560 Jefferson Peak (JfP)
                   vendor: Intel Corp.
                   physical id: a
                   bus info: usb@1:a
                   version: 0.02
                   capabilities: bluetooth usb-2.00
                   configuration: driver=btusb maxpower=100mA speed=12Mbit/s
           *-usbhost:1
                product: xHCI Host Controller
                vendor: Linux 5.15.0-40-generic xhci-hcd
                physical id: 1
                bus info: usb@2
                logical name: usb2
                version: 5.15
                capabilities: usb-3.10
                configuration: driver=hub slots=6 speed=10000Mbit/s
        *-memory UNCLAIMED
             description: RAM memory
             product: Cannon Point-LP Shared SRAM
             vendor: Intel Corporation
             physical id: 14.2
             bus info: pci@0000:00:14.2
             version: 30
             width: 64 bits
             clock: 33MHz (30.3ns)
             capabilities: pm cap_list
             configuration: latency=0
             resources: memory:cc320000-cc321fff memory:cc32b000-cc32bfff
        *-network
             description: Wireless interface
             product: Cannon Point-LP CNVi [Wireless-AC]
             vendor: Intel Corporation
             physical id: 14.3
             bus info: pci@0000:00:14.3
             logical name: wlo1
             version: 30
             serial: e4:5e:37:05:02:94
             width: 64 bits
             clock: 33MHz
             capabilities: pm msi pciexpress msix bus_master cap_list ethernet physical wireless
             configuration: broadcast=yes driver=iwlwifi driverversion=5.15.0-40-generic firmware=46.fae53a8b.0 9000-pu-b0-jf-b0- latency=0 link=no multicast=yes wireless=IEEE 802.11
             resources: irq:16 memory:cc31c000-cc31ffff
        *-serial:0
             description: Serial bus controller
             product: Cannon Point-LP Serial IO I2C Controller #0
             vendor: Intel Corporation
             physical id: 15
             bus info: pci@0000:00:15.0
             version: 30
             width: 64 bits
             clock: 33MHz
             capabilities: pm bus_master cap_list
             configuration: driver=intel-lpss latency=0
             resources: irq:16 memory:7f800000-7f800fff
        *-serial:1
             description: Serial bus controller
             product: Cannon Point-LP Serial IO I2C Controller #1
             vendor: Intel Corporation
             physical id: 15.1
             bus info: pci@0000:00:15.1
             version: 30
             width: 64 bits
             clock: 33MHz
             capabilities: pm bus_master cap_list
             configuration: driver=intel-lpss latency=0
             resources: irq:17 memory:7f801000-7f801fff
        *-serial:2
             description: Serial bus controller
             product: Intel Corporation
             vendor: Intel Corporation
             physical id: 15.3
             bus info: pci@0000:00:15.3
             version: 30
             width: 64 bits
             clock: 33MHz
             capabilities: pm bus_master cap_list
             configuration: driver=intel-lpss latency=0
             resources: irq:19 memory:7f802000-7f802fff
        *-communication:1
             description: Communication controller
             product: Cannon Point-LP MEI Controller #1
             vendor: Intel Corporation
             physical id: 16
             bus info: pci@0000:00:16.0
             version: 30
             width: 64 bits
             clock: 33MHz
             capabilities: pm msi bus_master cap_list
             configuration: driver=mei_me latency=0
             resources: irq:159 memory:cc327000-cc327fff
        *-communication:2
             description: Serial controller
             product: Cannon Point-LP Keyboard and Text (KT) Redirection
             vendor: Intel Corporation
             physical id: 16.3
             bus info: pci@0000:00:16.3
             version: 30
             width: 32 bits
             clock: 66MHz
             capabilities: msi pm 16550 cap_list
             configuration: driver=serial latency=0
             resources: irq:19 ioport:3060(size=8) memory:cc326000-cc326fff
        *-serial:3
             description: Serial bus controller
             product: Cannon Point-LP Serial IO I2C Host Controller
             vendor: Intel Corporation
             physical id: 19
             bus info: pci@0000:00:19.0
             version: 30
             width: 64 bits
             clock: 33MHz
             capabilities: pm bus_master cap_list
             configuration: driver=intel-lpss latency=0
             resources: irq:32 memory:7f803000-7f803fff
        *-pci:0
             description: PCI bridge
             product: Cannon Point-LP PCI Express Root Port #5
             vendor: Intel Corporation
             physical id: 1c
             bus info: pci@0000:00:1c.0
             version: f0
             width: 32 bits
             clock: 33MHz
             capabilities: pci pciexpress msi pm normal_decode bus_master cap_list
             configuration: driver=pcieport
             resources: irq:122 ioport:4000(size=12288) memory:b4000000-ca0fffff ioport:90000000(size=570425344)
           *-pci
                description: PCI bridge
                product: JHL6340 Thunderbolt 3 Bridge (C step) [Alpine Ridge 2C 2016]
                vendor: Intel Corporation
                physical id: 0
                bus info: pci@0000:01:00.0
                version: 02
                width: 32 bits
                clock: 33MHz
                capabilities: pci pm msi pciexpress normal_decode bus_master cap_list
                configuration: driver=pcieport
                resources: irq:16 ioport:4000(size=8192) memory:b4000000-ca0fffff ioport:90000000(size=570425344)
              *-pci:0
                   description: PCI bridge
                   product: JHL6340 Thunderbolt 3 Bridge (C step) [Alpine Ridge 2C 2016]
                   vendor: Intel Corporation
                   physical id: 0
                   bus info: pci@0000:02:00.0
                   version: 02
                   width: 32 bits
                   clock: 33MHz
                   capabilities: pci pm msi pciexpress normal_decode bus_master cap_list
                   configuration: driver=pcieport
                   resources: irq:125 memory:ca000000-ca0fffff
                 *-generic
                      description: System peripheral
                      product: JHL6340 Thunderbolt 3 NHI (C step) [Alpine Ridge 2C 2016]
                      vendor: Intel Corporation
                      physical id: 0
                      bus info: pci@0000:03:00.0
                      version: 02
                      width: 32 bits
                      clock: 33MHz
                      capabilities: pm msi pciexpress msix bus_master cap_list
                      configuration: driver=thunderbolt latency=0
                      resources: irq:16 memory:ca000000-ca03ffff memory:ca040000-ca040fff
              *-pci:1
                   description: PCI bridge
                   product: JHL6340 Thunderbolt 3 Bridge (C step) [Alpine Ridge 2C 2016]
                   vendor: Intel Corporation
                   physical id: 1
                   bus info: pci@0000:02:01.0
                   version: 02
                   width: 32 bits
                   clock: 33MHz
                   capabilities: pci pm msi pciexpress normal_decode bus_master cap_list
                   configuration: driver=pcieport
                   resources: irq:126 ioport:4000(size=8192) memory:b4000000-c9efffff ioport:90000000(size=570425344)
                 *-pci
                      description: PCI bridge
                      product: JHL7540 Thunderbolt 3 Bridge [Titan Ridge DD 2018]
                      vendor: Intel Corporation
                      physical id: 0
                      bus info: pci@0000:04:00.0
                      logical name: /dev/fb0
                      version: 06
                      width: 64 bits
                      clock: 33MHz
                      capabilities: pci pm msi pciexpress normal_decode bus_master cap_list fb
                      configuration: depth=32 driver=pcieport mode=1920x1080 visual=truecolor xres=1920 yres=1080
                      resources: iomemory:41410-4140f irq:17 ioport:4000(size=4096) memory:b4000000-c9efffff ioport:90000000(size=570425344)
                    *-pci:0
                         description: PCI bridge
                         product: JHL7540 Thunderbolt 3 Bridge [Titan Ridge DD 2018]
                         vendor: Intel Corporation
                         physical id: 2
                         bus info: pci@0000:05:02.0
                         version: 06
                         width: 32 bits
                         clock: 33MHz
                         capabilities: pci pm msi pciexpress normal_decode bus_master cap_list
                         configuration: driver=pcieport
                         resources: irq:128 memory:b4000000-b40fffff
                       *-usb
                            description: USB controller
                            product: JHL7540 Thunderbolt 3 USB Controller [Titan Ridge DD 2018]
                            vendor: Intel Corporation
                            physical id: 0
                            bus info: pci@0000:06:00.0
                            version: 06
                            width: 32 bits
                            clock: 33MHz
                            capabilities: pm msi pciexpress xhci bus_master cap_list
                            configuration: driver=xhci_hcd latency=0
                            resources: irq:149 memory:b4000000-b400ffff
                          *-usbhost:0
                               product: xHCI Host Controller
                               vendor: Linux 5.15.0-40-generic xhci-hcd
                               physical id: 0
                               bus info: usb@3
                               logical name: usb3
                               version: 5.15
                               capabilities: usb-2.00
                               configuration: driver=hub slots=2 speed=480Mbit/s
                             *-usb
                                  description: USB hub
                                  product: Dell dock
                                  vendor: Dell Inc.
                                  physical id: 2
                                  bus info: usb@3:2
                                  version: 1.47
                                  capabilities: usb-2.10
                                  configuration: driver=hub slots=5 speed=480Mbit/s
                                *-usb:0
                                     description: USB hub
                                     product: Dell dock
                                     vendor: Dell Inc.
                                     physical id: 3
                                     bus info: usb@3:2.3
                                     version: 1.21
                                     capabilities: usb-2.10
                                     configuration: driver=hub slots=6 speed=480Mbit/s
                                   *-usb:0
                                        description: Keyboard
                                        product: Dell Dell USB Keyboard
                                        vendor: Dell
                                        physical id: 2
                                        bus info: usb@3:2.3.2
                                        logical name: input15
                                        logical name: /dev/input/event4
                                        logical name: input15::capslock
                                        logical name: input15::numlock
                                        logical name: input15::scrolllock
                                        version: 3.01
                                        capabilities: usb-1.10 usb
                                        configuration: driver=usbhid maxpower=70mA speed=1Mbit/s
                                   *-usb:1
                                        description: Mouse
                                        product: PixArt USB Optical Mouse
                                        vendor: PixArt
                                        physical id: 3
                                        bus info: usb@3:2.3.3
                                        logical name: input17
                                        logical name: /dev/input/event6
                                        logical name: /dev/input/mouse0
                                        version: 1.00
                                        capabilities: usb-1.10 usb
                                        configuration: driver=usbhid maxpower=100mA speed=1Mbit/s
                                   *-usb:2
                                        description: Audio device
                                        product: USB Audio
                                        vendor: Generic
                                        physical id: 4
                                        bus info: usb@3:2.3.4
                                        logical name: card1
                                        logical name: /dev/snd/controlC1
                                        logical name: /dev/snd/pcmC1D0c
                                        logical name: /dev/snd/pcmC1D0p
                                        logical name: /dev/snd/pcmC1D1p
                                        version: 0.01
                                        serial: 200901010001
                                        capabilities: usb-2.00 audio-control
                                        configuration: driver=snd-usb-audio maxpower=500mA speed=480Mbit/s
                                   *-usb:3
                                        description: Human interface device
                                        product: Dell dock
                                        vendor: Dell Computer Corp.
                                        physical id: 5
                                        bus info: usb@3:2.3.5
                                        version: 1.01
                                        capabilities: usb-2.01
                                        configuration: driver=usbhid maxpower=100mA speed=480Mbit/s
                                *-usb:1
                                     description: Human interface device
                                     product: Dell dock
                                     vendor: Dell Computer Corp.
                                     physical id: 5
                                     bus info: usb@3:2.5
                                     version: 1.01
                                     capabilities: usb-2.01
                                     configuration: driver=usbhid maxpower=100mA speed=480Mbit/s
                          *-usbhost:1
                               product: xHCI Host Controller
                               vendor: Linux 5.15.0-40-generic xhci-hcd
                               physical id: 1
                               bus info: usb@4
                               logical name: usb4
                               version: 5.15
                               capabilities: usb-3.10
                               configuration: driver=hub slots=2 speed=10000Mbit/s
                             *-usb
                                  description: USB hub
                                  product: Dell dock
                                  vendor: Dell Inc.
                                  physical id: 2
                                  bus info: usb@4:2
                                  version: 1.47
                                  capabilities: usb-3.10
                                  configuration: driver=hub slots=4 speed=10000Mbit/s
                                *-usb:0
                                     description: USB hub
                                     product: Dell dock
                                     vendor: Dell Inc.
                                     physical id: 3
                                     bus info: usb@4:2.3
                                     version: 1.21
                                     capabilities: usb-3.10
                                     configuration: driver=hub slots=4 speed=5000Mbit/s
                                *-usb:1
                                     description: Generic USB device
                                     product: USB 10/100/1000 LAN
                                     vendor: Realtek
                                     physical id: 4
                                     bus info: usb@4:2.4
                                     version: 31.11
                                     serial: 111000001
                                     capabilities: usb-3.00
                                     configuration: driver=r8152 maxpower=288mA speed=5000Mbit/s
                    *-pci:1
                         description: PCI bridge
                         product: JHL7540 Thunderbolt 3 Bridge [Titan Ridge DD 2018]
                         vendor: Intel Corporation
                         physical id: 4
                         bus info: pci@0000:05:04.0
                         version: 06
                         width: 32 bits
                         clock: 33MHz
                         capabilities: pci pm msi pciexpress normal_decode bus_master cap_list
                         configuration: driver=pcieport
                         resources: irq:129 ioport:4000(size=4096) memory:b4100000-c9efffff ioport:90000000(size=570425344)
              *-pci:2
                   description: PCI bridge
                   product: JHL6340 Thunderbolt 3 Bridge (C step) [Alpine Ridge 2C 2016]
                   vendor: Intel Corporation
                   physical id: 2
                   bus info: pci@0000:02:02.0
                   version: 02
                   width: 32 bits
                   clock: 33MHz
                   capabilities: pci pm msi pciexpress normal_decode bus_master cap_list
                   configuration: driver=pcieport
                   resources: irq:127 memory:c9f00000-c9ffffff
                 *-usb
                      description: USB controller
                      product: JHL6340 Thunderbolt 3 USB 3.1 Controller (C step) [Alpine Ridge 2C 2016]
                      vendor: Intel Corporation
                      physical id: 0
                      bus info: pci@0000:39:00.0
                      version: 02
                      width: 32 bits
                      clock: 33MHz
                      capabilities: pm msi pciexpress xhci cap_list
                      configuration: driver=xhci_hcd latency=0
                      resources: irq:150 memory:c9f00000-c9f0ffff
                    *-usbhost:0
                         product: xHCI Host Controller
                         vendor: Linux 5.15.0-40-generic xhci-hcd
                         physical id: 0
                         bus info: usb@5
                         logical name: usb5
                         version: 5.15
                         capabilities: usb-2.00
                         configuration: driver=hub slots=2 speed=480Mbit/s
                    *-usbhost:1
                         product: xHCI Host Controller
                         vendor: Linux 5.15.0-40-generic xhci-hcd
                         physical id: 1
                         bus info: usb@6
                         logical name: usb6
                         version: 5.15
                         capabilities: usb-3.10
                         configuration: driver=hub slots=2 speed=10000Mbit/s
        *-pci:1
             description: PCI bridge
             product: Intel Corporation
             vendor: Intel Corporation
             physical id: 1d
             bus info: pci@0000:00:1d.0
             version: f0
             width: 32 bits
             clock: 33MHz
             capabilities: pci pciexpress msi pm normal_decode bus_master cap_list
             configuration: driver=pcieport
             resources: irq:123 memory:cc200000-cc2fffff
           *-generic
                description: MMC Host
                product: RTS525A PCI Express Card Reader
                vendor: Realtek Semiconductor Co., Ltd.
                physical id: 0
                bus info: pci@0000:3a:00.0
                logical name: mmc0
                version: 01
                width: 32 bits
                clock: 33MHz
                capabilities: pm msi pciexpress bus_master cap_list
                configuration: driver=rtsx_pci latency=0
                resources: irq:147 memory:cc200000-cc200fff
        *-pci:2
             description: PCI bridge
             product: Cannon Point-LP PCI Express Root Port #13
             vendor: Intel Corporation
             physical id: 1d.4
             bus info: pci@0000:00:1d.4
             version: f0
             width: 32 bits
             clock: 33MHz
             capabilities: pci pciexpress msi pm normal_decode bus_master cap_list
             configuration: driver=pcieport
             resources: irq:124 memory:cc100000-cc1fffff
           *-nvme
                description: NVMe device
                product: Micron 2200S NVMe 512GB
                vendor: Micron Technology Inc
                physical id: 0
                bus info: pci@0000:3b:00.0
                logical name: /dev/nvme0
                version: 22001070
                serial: 200926C429C4
                width: 64 bits
                clock: 33MHz
                capabilities: nvme pciexpress msix msi pm nvm_express bus_master cap_list
                configuration: driver=nvme latency=0 nqn=nqn.2014-08.org.nvmexpress:13441344        200926C429C4Micron 2200S NVMe 512GB state=live
                resources: irq:16 memory:cc100000-cc103fff
              *-namespace:0
                   description: NVMe disk
                   physical id: 0
                   logical name: hwmon3
              *-namespace:1
                   description: NVMe disk
                   physical id: 2
                   logical name: /dev/ng0n1
              *-namespace:2
                   description: NVMe disk
                   physical id: 1
                   bus info: nvme@0:1
                   logical name: /dev/nvme0n1
                   size: 476GiB (512GB)
                   capabilities: gpt-1.00 partitioned partitioned:gpt
                   configuration: guid=9bd4bee6-2616-4af6-a9fa-cb2e7c43467b logicalsectorsize=512 sectorsize=512 wwid=eui.000000000000000100a0752026c429c4
                 *-volume:0 UNCLAIMED
                      description: Windows FAT volume
                      vendor: mkfs.fat
                      physical id: 1
                      bus info: nvme@0:1,1
                      version: FAT32
                      serial: 34e9-c577
                      size: 510MiB
                      capacity: 511MiB
                      capabilities: boot fat initialized
                      configuration: FATs=2 filesystem=fat name=EFI System Partition
                 *-volume:1
                      description: EXT4 volume
                      vendor: Linux
                      physical id: 2
                      bus info: nvme@0:1,2
                      logical name: /dev/nvme0n1p2
                      logical name: /
                      version: 1.0
                      serial: fb003d69-3729-4e4b-9b78-96bf42698ee1
                      size: 476GiB
                      capabilities: journaled extended_attributes large_files huge_files dir_nlink recover 64bit extents ext4 ext2 initialized
                      configuration: created=2022-07-08 10:05:27 filesystem=ext4 lastmountpoint=/ modified=2022-07-12 09:36:36 mount.fstype=ext4 mount.options=rw,relatime,errors=remount-ro mounted=2022-07-12 09:36:36 state=mounted
        *-isa
             description: ISA bridge
             product: Cannon Point-LP LPC Controller
             vendor: Intel Corporation
             physical id: 1f
             bus info: pci@0000:00:1f.0
             version: 30
             width: 32 bits
             clock: 33MHz
             capabilities: isa bus_master
             configuration: latency=0
           *-pnp00:00
                product: PnP device PNP0c02
                physical id: 0
                capabilities: pnp
                configuration: driver=system
           *-pnp00:01
                product: PnP device PNP0c02
                physical id: 1
                capabilities: pnp
                configuration: driver=system
           *-pnp00:02
                product: PnP device PNP0b00
                physical id: 2
                capabilities: pnp
                configuration: driver=rtc_cmos
           *-pnp00:03
                product: PnP device INT3f0d
                vendor: Interphase Corporation
                physical id: 3
                capabilities: pnp
                configuration: driver=system
           *-pnp00:04
                product: PnP device PNP0303
                physical id: 4
                capabilities: pnp
                configuration: driver=i8042 kbd
           *-pnp00:05
                product: PnP device DLL08e1
                vendor: Dell Inc
                physical id: 5
                capabilities: pnp
                configuration: driver=i8042 aux
           *-pnp00:06
                product: PnP device PNP0c02
                physical id: 6
                capabilities: pnp
                configuration: driver=system
           *-pnp00:07
                product: PnP device PNP0c02
                physical id: 7
                capabilities: pnp
                configuration: driver=system
           *-pnp00:08
                product: PnP device PNP0c02
                physical id: 8
                capabilities: pnp
                configuration: driver=system
           *-pnp00:09
                product: PnP device PNP0c02
                physical id: 9
                capabilities: pnp
                configuration: driver=system
        *-multimedia
             description: Audio device
             product: Cannon Point-LP High Definition Audio Controller
             vendor: Intel Corporation
             physical id: 1f.3
             bus info: pci@0000:00:1f.3
             logical name: card0
             logical name: /dev/snd/controlC0
             logical name: /dev/snd/hwC0D0
             logical name: /dev/snd/hwC0D2
             logical name: /dev/snd/pcmC0D0c
             logical name: /dev/snd/pcmC0D0p
             logical name: /dev/snd/pcmC0D10p
             logical name: /dev/snd/pcmC0D3p
             logical name: /dev/snd/pcmC0D7p
             logical name: /dev/snd/pcmC0D8p
             logical name: /dev/snd/pcmC0D9p
             version: 30
             width: 64 bits
             clock: 33MHz
             capabilities: pm msi bus_master cap_list
             configuration: driver=snd_hda_intel latency=32
             resources: irq:169 memory:cc318000-cc31bfff memory:cc000000-cc0fffff
           *-input:0
                product: HDA Intel PCH Headphone Mic
                physical id: 0
                logical name: input28
                logical name: /dev/input/event18
           *-input:1
                product: HDA Intel PCH HDMI/DP,pcm=3
                physical id: 1
                logical name: input29
                logical name: /dev/input/event19
           *-input:2
                product: HDA Intel PCH HDMI/DP,pcm=7
                physical id: 2
                logical name: input30
                logical name: /dev/input/event20
           *-input:3
                product: HDA Intel PCH HDMI/DP,pcm=8
                physical id: 3
                logical name: input31
                logical name: /dev/input/event21
           *-input:4
                product: HDA Intel PCH HDMI/DP,pcm=9
                physical id: 4
                logical name: input32
                logical name: /dev/input/event22
           *-input:5
                product: HDA Intel PCH HDMI/DP,pcm=10
                physical id: 5
                logical name: input33
                logical name: /dev/input/event23
        *-serial:4
             description: SMBus
             product: Cannon Point-LP SMBus Controller
             vendor: Intel Corporation
             physical id: 1f.4
             bus info: pci@0000:00:1f.4
             version: 30
             width: 64 bits
             clock: 33MHz
             configuration: driver=i801_smbus latency=0
             resources: irq:16 memory:cc324000-cc3240ff ioport:efa0(size=32)
        *-serial:5 UNCLAIMED
             description: Serial bus controller
             product: Cannon Point-LP SPI Controller
             vendor: Intel Corporation
             physical id: 1f.5
             bus info: pci@0000:00:1f.5
             version: 30
             width: 32 bits
             clock: 33MHz
             configuration: latency=0
             resources: memory:fe010000-fe010fff
  *-battery
       product: DELL 829MX04
       vendor: LG
       physical id: 1
       version: 04/10/2020
       serial: AEBF
       slot: Sys. Battery Bay
       capacity: 60000mWh
       configuration: voltage=7,6V
  *-input:0
       product: Lid Switch
       physical id: 2
       logical name: input0
       logical name: /dev/input/event0
       capabilities: platform
  *-input:1
       product: Power Button
       physical id: 3
       logical name: input1
       logical name: /dev/input/event1
       capabilities: platform
  *-input:2
       product: Intel HID events
       physical id: 4
       logical name: input13
       logical name: /dev/input/event10
       capabilities: platform
  *-input:3
       product: Intel HID 5 button array
       physical id: 5
       logical name: input14
       logical name: /dev/input/event11
       capabilities: platform
  *-input:4
       product: ELAN900C:00 04F3:2846
       physical id: 6
       logical name: input19
       logical name: /dev/input/event13
       logical name: /dev/input/mouse4
       capabilities: i2c
  *-input:5
       product: Sleep Button
       physical id: 7
       logical name: input2
       logical name: /dev/input/event2
       capabilities: platform
  *-input:6
       product: ELAN900C:00 04F3:2846 UNKNOWN
       physical id: 8
       logical name: input20
       logical name: /dev/input/event14
       capabilities: i2c
  *-input:7
       product: ELAN900C:00 04F3:2846 UNKNOWN
       physical id: 9
       logical name: input21
       logical name: /dev/input/event16
       capabilities: i2c
  *-input:8
       product: Dell WMI hotkeys
       physical id: a
       logical name: input23
       logical name: /dev/input/event15
       capabilities: platform
  *-input:9
       product: DELL08E1:00 06CB:CD97 Mouse
       physical id: b
       logical name: input24
       logical name: /dev/input/event7
       logical name: /dev/input/mouse1
       capabilities: i2c
  *-input:10
       product: DELL08E1:00 06CB:CD97 Touchpad
       physical id: c
       logical name: input25
       logical name: /dev/input/event8
       logical name: /dev/input/mouse2
       capabilities: i2c
  *-input:11
       product: Video Bus
       physical id: d
       logical name: input27
       logical name: /dev/input/event17
       capabilities: platform
  *-input:12
       product: AT Translated Set 2 keyboard
       physical id: e
       logical name: input3
       logical name: /dev/input/event3
       logical name: input3::capslock
       logical name: input3::numlock
       logical name: input3::scrolllock
       capabilities: i8042
  *-input:13
       product: PS/2 Generic Mouse
       physical id: f
       logical name: input5
       logical name: /dev/input/event9
       logical name: /dev/input/mouse3
       capabilities: i8042
  *-network
       description: Ethernet interface
       physical id: 10
       bus info: usb@4:2.4
       logical name: enxc03eba92b90f
       serial: c0:3e:ba:92:b9:0f
       size: 1Gbit/s
       capacity: 1Gbit/s
       capabilities: ethernet physical tp mii 10bt 10bt-fd 100bt 100bt-fd 1000bt 1000bt-fd autonegotiation
       configuration: autonegotiation=on broadcast=yes driver=r8152 driverversion=v1.12.12 duplex=full firmware=rtl8153b-2 v1 10/23/19 ip=128.224.125.156 link=yes multicast=yes port=MII speed=1Gbit/s



       corin@otp-cdobrica-l1:~$ cat /proc/meminfo
MemTotal:       16192352 kB
MemFree:         8322924 kB
MemAvailable:   11525224 kB
Buffers:          169444 kB
Cached:          4194764 kB
SwapCached:            0 kB
Active:          1361180 kB
Inactive:        4828400 kB
Active(anon):      12896 kB
Inactive(anon):  2913088 kB
Active(file):    1348284 kB
Inactive(file):  1915312 kB
Unevictable:     1048996 kB
Mlocked:              32 kB
SwapTotal:       2097148 kB
SwapFree:        2097148 kB
Dirty:               160 kB
Writeback:             0 kB
AnonPages:       2869176 kB
Mapped:          1233056 kB
Shmem:           1110800 kB
KReclaimable:     280096 kB
Slab:             424412 kB
SReclaimable:     280096 kB
SUnreclaim:       144316 kB
KernelStack:       26704 kB
PageTables:        50052 kB
NFS_Unstable:          0 kB
Bounce:                0 kB
WritebackTmp:          0 kB
CommitLimit:    10193324 kB
Committed_AS:   13626664 kB
VmallocTotal:   34359738367 kB
VmallocUsed:       56304 kB
VmallocChunk:          0 kB
Percpu:             7904 kB
HardwareCorrupted:     0 kB
AnonHugePages:      2048 kB
ShmemHugePages:        0 kB
ShmemPmdMapped:        0 kB
FileHugePages:         0 kB
FilePmdMapped:         0 kB
HugePages_Total:       0
HugePages_Free:        0
HugePages_Rsvd:        0
HugePages_Surp:        0
Hugepagesize:       2048 kB
Hugetlb:               0 kB
DirectMap4k:      359520 kB
DirectMap2M:    10981376 kB
DirectMap1G:     5242880 kB





orin@otp-cdobrica-l1:~/Desktop/ubuntu-22.04$ cat /proc/cpuinfo
processor       : 0
vendor_id       : GenuineIntel
cpu family      : 6
model           : 142
model name      : Intel(R) Core(TM) i7-8665U CPU @ 1.90GHz
stepping        : 12
microcode       : 0xf0
cpu MHz         : 2100.000
cache size      : 8192 KB
physical id     : 0
siblings        : 8
core id         : 0
cpu cores       : 4
apicid          : 0
initial apicid  : 0
fpu             : yes
fpu_exception   : yes
cpuid level     : 22
wp              : yes
flags           : fpu vme de pse tsc msr pae mce cx8 apic sep mtrr pge mca cmov pat pse36 clflush dts acpi mmx fxsr sse sse2 ss ht tm pbe syscall nx pdpe1gb rdtscp lm constant_tsc art arch_perfmon pebs bts rep_good nopl xtopology nonstop_tsc cpuid aperfmperf pni pclmulqdq dtes64 monitor ds_cpl vmx smx est tm2 ssse3 sdbg fma cx16 xtpr pdcm pcid sse4_1 sse4_2 x2apic movbe popcnt tsc_deadline_timer aes xsave avx f16c rdrand lahf_lm abm 3dnowprefetch cpuid_fault epb invpcid_single ssbd ibrs ibpb stibp ibrs_enhanced tpr_shadow vnmi flexpriority ept vpid ept_ad fsgsbase tsc_adjust bmi1 avx2 smep bmi2 erms invpcid mpx rdseed adx smap clflushopt intel_pt xsaveopt xsavec xgetbv1 xsaves dtherm ida arat pln pts hwp hwp_notify hwp_act_window hwp_epp md_clear flush_l1d arch_capabilities
vmx flags       : vnmi preemption_timer invvpid ept_x_only ept_ad ept_1gb flexpriority tsc_offset vtpr mtf vapic ept vpid unrestricted_guest ple shadow_vmcs pml ept_mode_based_exec
bugs            : spectre_v1 spectre_v2 spec_store_bypass swapgs taa itlb_multihit srbds mmio_stale_data
bogomips        : 4199.88
clflush size    : 64
cache_alignment : 64
address sizes   : 39 bits physical, 48 bits virtual
power management:

processor       : 1
vendor_id       : GenuineIntel
cpu family      : 6
model           : 142
model name      : Intel(R) Core(TM) i7-8665U CPU @ 1.90GHz
stepping        : 12
microcode       : 0xf0
cpu MHz         : 2100.000
cache size      : 8192 KB
physical id     : 0
siblings        : 8
core id         : 1
cpu cores       : 4
apicid          : 2
initial apicid  : 2
fpu             : yes
fpu_exception   : yes
cpuid level     : 22
wp              : yes
flags           : fpu vme de pse tsc msr pae mce cx8 apic sep mtrr pge mca cmov pat pse36 clflush dts acpi mmx fxsr sse sse2 ss ht tm pbe syscall nx pdpe1gb rdtscp lm constant_tsc art arch_perfmon pebs bts rep_good nopl xtopology nonstop_tsc cpuid aperfmperf pni pclmulqdq dtes64 monitor ds_cpl vmx smx est tm2 ssse3 sdbg fma cx16 xtpr pdcm pcid sse4_1 sse4_2 x2apic movbe popcnt tsc_deadline_timer aes xsave avx f16c rdrand lahf_lm abm 3dnowprefetch cpuid_fault epb invpcid_single ssbd ibrs ibpb stibp ibrs_enhanced tpr_shadow vnmi flexpriority ept vpid ept_ad fsgsbase tsc_adjust bmi1 avx2 smep bmi2 erms invpcid mpx rdseed adx smap clflushopt intel_pt xsaveopt xsavec xgetbv1 xsaves dtherm ida arat pln pts hwp hwp_notify hwp_act_window hwp_epp md_clear flush_l1d arch_capabilities
vmx flags       : vnmi preemption_timer invvpid ept_x_only ept_ad ept_1gb flexpriority tsc_offset vtpr mtf vapic ept vpid unrestricted_guest ple shadow_vmcs pml ept_mode_based_exec
bugs            : spectre_v1 spectre_v2 spec_store_bypass swapgs taa itlb_multihit srbds mmio_stale_data
bogomips        : 4199.88
clflush size    : 64
cache_alignment : 64
address sizes   : 39 bits physical, 48 bits virtual
power management:

processor       : 2
vendor_id       : GenuineIntel
cpu family      : 6
model           : 142
model name      : Intel(R) Core(TM) i7-8665U CPU @ 1.90GHz
stepping        : 12
microcode       : 0xf0
cpu MHz         : 2100.000
cache size      : 8192 KB
physical id     : 0
siblings        : 8
core id         : 2
cpu cores       : 4
apicid          : 4
initial apicid  : 4
fpu             : yes
fpu_exception   : yes
cpuid level     : 22
wp              : yes
flags           : fpu vme de pse tsc msr pae mce cx8 apic sep mtrr pge mca cmov pat pse36 clflush dts acpi mmx fxsr sse sse2 ss ht tm pbe syscall nx pdpe1gb rdtscp lm constant_tsc art arch_perfmon pebs bts rep_good nopl xtopology nonstop_tsc cpuid aperfmperf pni pclmulqdq dtes64 monitor ds_cpl vmx smx est tm2 ssse3 sdbg fma cx16 xtpr pdcm pcid sse4_1 sse4_2 x2apic movbe popcnt tsc_deadline_timer aes xsave avx f16c rdrand lahf_lm abm 3dnowprefetch cpuid_fault epb invpcid_single ssbd ibrs ibpb stibp ibrs_enhanced tpr_shadow vnmi flexpriority ept vpid ept_ad fsgsbase tsc_adjust bmi1 avx2 smep bmi2 erms invpcid mpx rdseed adx smap clflushopt intel_pt xsaveopt xsavec xgetbv1 xsaves dtherm ida arat pln pts hwp hwp_notify hwp_act_window hwp_epp md_clear flush_l1d arch_capabilities
vmx flags       : vnmi preemption_timer invvpid ept_x_only ept_ad ept_1gb flexpriority tsc_offset vtpr mtf vapic ept vpid unrestricted_guest ple shadow_vmcs pml ept_mode_based_exec
bugs            : spectre_v1 spectre_v2 spec_store_bypass swapgs taa itlb_multihit srbds mmio_stale_data
bogomips        : 4199.88
clflush size    : 64
cache_alignment : 64
address sizes   : 39 bits physical, 48 bits virtual
power management:

processor       : 3
vendor_id       : GenuineIntel
cpu family      : 6
model           : 142
model name      : Intel(R) Core(TM) i7-8665U CPU @ 1.90GHz
stepping        : 12
microcode       : 0xf0
cpu MHz         : 2100.000
cache size      : 8192 KB
physical id     : 0
siblings        : 8
core id         : 3
cpu cores       : 4
apicid          : 6
initial apicid  : 6
fpu             : yes
fpu_exception   : yes
cpuid level     : 22
wp              : yes
flags           : fpu vme de pse tsc msr pae mce cx8 apic sep mtrr pge mca cmov pat pse36 clflush dts acpi mmx fxsr sse sse2 ss ht tm pbe syscall nx pdpe1gb rdtscp lm constant_tsc art arch_perfmon pebs bts rep_good nopl xtopology nonstop_tsc cpuid aperfmperf pni pclmulqdq dtes64 monitor ds_cpl vmx smx est tm2 ssse3 sdbg fma cx16 xtpr pdcm pcid sse4_1 sse4_2 x2apic movbe popcnt tsc_deadline_timer aes xsave avx f16c rdrand lahf_lm abm 3dnowprefetch cpuid_fault epb invpcid_single ssbd ibrs ibpb stibp ibrs_enhanced tpr_shadow vnmi flexpriority ept vpid ept_ad fsgsbase tsc_adjust bmi1 avx2 smep bmi2 erms invpcid mpx rdseed adx smap clflushopt intel_pt xsaveopt xsavec xgetbv1 xsaves dtherm ida arat pln pts hwp hwp_notify hwp_act_window hwp_epp md_clear flush_l1d arch_capabilities
vmx flags       : vnmi preemption_timer invvpid ept_x_only ept_ad ept_1gb flexpriority tsc_offset vtpr mtf vapic ept vpid unrestricted_guest ple shadow_vmcs pml ept_mode_based_exec
bugs            : spectre_v1 spectre_v2 spec_store_bypass swapgs taa itlb_multihit srbds mmio_stale_data
bogomips        : 4199.88
clflush size    : 64
cache_alignment : 64
address sizes   : 39 bits physical, 48 bits virtual
power management:

processor       : 4
vendor_id       : GenuineIntel
cpu family      : 6
model           : 142
model name      : Intel(R) Core(TM) i7-8665U CPU @ 1.90GHz
stepping        : 12
microcode       : 0xf0
cpu MHz         : 2100.000
cache size      : 8192 KB
physical id     : 0
siblings        : 8
core id         : 0
cpu cores       : 4
apicid          : 1
initial apicid  : 1
fpu             : yes
fpu_exception   : yes
cpuid level     : 22
wp              : yes
flags           : fpu vme de pse tsc msr pae mce cx8 apic sep mtrr pge mca cmov pat pse36 clflush dts acpi mmx fxsr sse sse2 ss ht tm pbe syscall nx pdpe1gb rdtscp lm constant_tsc art arch_perfmon pebs bts rep_good nopl xtopology nonstop_tsc cpuid aperfmperf pni pclmulqdq dtes64 monitor ds_cpl vmx smx est tm2 ssse3 sdbg fma cx16 xtpr pdcm pcid sse4_1 sse4_2 x2apic movbe popcnt tsc_deadline_timer aes xsave avx f16c rdrand lahf_lm abm 3dnowprefetch cpuid_fault epb invpcid_single ssbd ibrs ibpb stibp ibrs_enhanced tpr_shadow vnmi flexpriority ept vpid ept_ad fsgsbase tsc_adjust bmi1 avx2 smep bmi2 erms invpcid mpx rdseed adx smap clflushopt intel_pt xsaveopt xsavec xgetbv1 xsaves dtherm ida arat pln pts hwp hwp_notify hwp_act_window hwp_epp md_clear flush_l1d arch_capabilities
vmx flags       : vnmi preemption_timer invvpid ept_x_only ept_ad ept_1gb flexpriority tsc_offset vtpr mtf vapic ept vpid unrestricted_guest ple shadow_vmcs pml ept_mode_based_exec
bugs            : spectre_v1 spectre_v2 spec_store_bypass swapgs taa itlb_multihit srbds mmio_stale_data
bogomips        : 4199.88
clflush size    : 64
cache_alignment : 64
address sizes   : 39 bits physical, 48 bits virtual
power management:

processor       : 5
vendor_id       : GenuineIntel
cpu family      : 6
model           : 142
model name      : Intel(R) Core(TM) i7-8665U CPU @ 1.90GHz
stepping        : 12
microcode       : 0xf0
cpu MHz         : 786.646
cache size      : 8192 KB
physical id     : 0
siblings        : 8
core id         : 1
cpu cores       : 4
apicid          : 3
initial apicid  : 3
fpu             : yes
fpu_exception   : yes
cpuid level     : 22
wp              : yes
flags           : fpu vme de pse tsc msr pae mce cx8 apic sep mtrr pge mca cmov pat pse36 clflush dts acpi mmx fxsr sse sse2 ss ht tm pbe syscall nx pdpe1gb rdtscp lm constant_tsc art arch_perfmon pebs bts rep_good nopl xtopology nonstop_tsc cpuid aperfmperf pni pclmulqdq dtes64 monitor ds_cpl vmx smx est tm2 ssse3 sdbg fma cx16 xtpr pdcm pcid sse4_1 sse4_2 x2apic movbe popcnt tsc_deadline_timer aes xsave avx f16c rdrand lahf_lm abm 3dnowprefetch cpuid_fault epb invpcid_single ssbd ibrs ibpb stibp ibrs_enhanced tpr_shadow vnmi flexpriority ept vpid ept_ad fsgsbase tsc_adjust bmi1 avx2 smep bmi2 erms invpcid mpx rdseed adx smap clflushopt intel_pt xsaveopt xsavec xgetbv1 xsaves dtherm ida arat pln pts hwp hwp_notify hwp_act_window hwp_epp md_clear flush_l1d arch_capabilities
vmx flags       : vnmi preemption_timer invvpid ept_x_only ept_ad ept_1gb flexpriority tsc_offset vtpr mtf vapic ept vpid unrestricted_guest ple shadow_vmcs pml ept_mode_based_exec
bugs            : spectre_v1 spectre_v2 spec_store_bypass swapgs taa itlb_multihit srbds mmio_stale_data
bogomips        : 4199.88
clflush size    : 64
cache_alignment : 64
address sizes   : 39 bits physical, 48 bits virtual
power management:

processor       : 6
vendor_id       : GenuineIntel
cpu family      : 6
model           : 142
model name      : Intel(R) Core(TM) i7-8665U CPU @ 1.90GHz
stepping        : 12
microcode       : 0xf0
cpu MHz         : 2100.000
cache size      : 8192 KB
physical id     : 0
siblings        : 8
core id         : 2
cpu cores       : 4
apicid          : 5
initial apicid  : 5
fpu             : yes
fpu_exception   : yes
cpuid level     : 22
wp              : yes
flags           : fpu vme de pse tsc msr pae mce cx8 apic sep mtrr pge mca cmov pat pse36 clflush dts acpi mmx fxsr sse sse2 ss ht tm pbe syscall nx pdpe1gb rdtscp lm constant_tsc art arch_perfmon pebs bts rep_good nopl xtopology nonstop_tsc cpuid aperfmperf pni pclmulqdq dtes64 monitor ds_cpl vmx smx est tm2 ssse3 sdbg fma cx16 xtpr pdcm pcid sse4_1 sse4_2 x2apic movbe popcnt tsc_deadline_timer aes xsave avx f16c rdrand lahf_lm abm 3dnowprefetch cpuid_fault epb invpcid_single ssbd ibrs ibpb stibp ibrs_enhanced tpr_shadow vnmi flexpriority ept vpid ept_ad fsgsbase tsc_adjust bmi1 avx2 smep bmi2 erms invpcid mpx rdseed adx smap clflushopt intel_pt xsaveopt xsavec xgetbv1 xsaves dtherm ida arat pln pts hwp hwp_notify hwp_act_window hwp_epp md_clear flush_l1d arch_capabilities
vmx flags       : vnmi preemption_timer invvpid ept_x_only ept_ad ept_1gb flexpriority tsc_offset vtpr mtf vapic ept vpid unrestricted_guest ple shadow_vmcs pml ept_mode_based_exec
bugs            : spectre_v1 spectre_v2 spec_store_bypass swapgs taa itlb_multihit srbds mmio_stale_data
bogomips        : 4199.88
clflush size    : 64
cache_alignment : 64
address sizes   : 39 bits physical, 48 bits virtual
power management:

processor       : 7
vendor_id       : GenuineIntel
cpu family      : 6
model           : 142
model name      : Intel(R) Core(TM) i7-8665U CPU @ 1.90GHz
stepping        : 12
microcode       : 0xf0
cpu MHz         : 2100.000
cache size      : 8192 KB
physical id     : 0
siblings        : 8
core id         : 3
cpu cores       : 4
apicid          : 7
initial apicid  : 7
fpu             : yes
fpu_exception   : yes
cpuid level     : 22
wp              : yes
flags           : fpu vme de pse tsc msr pae mce cx8 apic sep mtrr pge mca cmov pat pse36 clflush dts acpi mmx fxsr sse sse2 ss ht tm pbe syscall nx pdpe1gb rdtscp lm constant_tsc art arch_perfmon pebs bts rep_good nopl xtopology nonstop_tsc cpuid aperfmperf pni pclmulqdq dtes64 monitor ds_cpl vmx smx est tm2 ssse3 sdbg fma cx16 xtpr pdcm pcid sse4_1 sse4_2 x2apic movbe popcnt tsc_deadline_timer aes xsave avx f16c rdrand lahf_lm abm 3dnowprefetch cpuid_fault epb invpcid_single ssbd ibrs ibpb stibp ibrs_enhanced tpr_shadow vnmi flexpriority ept vpid ept_ad fsgsbase tsc_adjust bmi1 avx2 smep bmi2 erms invpcid mpx rdseed adx smap clflushopt intel_pt xsaveopt xsavec xgetbv1 xsaves dtherm ida arat pln pts hwp hwp_notify hwp_act_window hwp_epp md_clear flush_l1d arch_capabilities
vmx flags       : vnmi preemption_timer invvpid ept_x_only ept_ad ept_1gb flexpriority tsc_offset vtpr mtf vapic ept vpid unrestricted_guest ple shadow_vmcs pml ept_mode_based_exec
bugs            : spectre_v1 spectre_v2 spec_store_bypass swapgs taa itlb_multihit srbds mmio_stale_data
bogomips        : 4199.88
clflush size    : 64
cache_alignment : 64
address sizes   : 39 bits physical, 48 bits virtual
power management:





corin@otp-cdobrica-l1:~$ sudo dmesg | more
[sudo] password for corin:
[    0.000000] microcode: microcode updated early to revision 0xf0, date = 2021-11-17
[    0.000000] Linux version 5.15.0-40-generic (buildd@lcy02-amd64-047) (gcc (Ubuntu 11.2.0-19ubuntu1) 11.2.0, GNU ld (GNU Binutils for Ubuntu) 2.38) #43-Ubuntu SMP Wed Jun
15 12:54:21 UTC 2022 (Ubuntu 5.15.0-40.43-generic 5.15.35)
[    0.000000] Command line: BOOT_IMAGE=/boot/vmlinuz-5.15.0-40-generic root=UUID=fb003d69-3729-4e4b-9b78-96bf42698ee1 ro quiet splash vt.handoff=7
[    0.000000] KERNEL supported cpus:
[    0.000000]   Intel GenuineIntel
[    0.000000]   AMD AuthenticAMD
[    0.000000]   Hygon HygonGenuine
[    0.000000]   Centaur CentaurHauls
[    0.000000]   zhaoxin   Shanghai
[    0.000000] x86/fpu: Supporting XSAVE feature 0x001: 'x87 floating point registers'
[    0.000000] x86/fpu: Supporting XSAVE feature 0x002: 'SSE registers'
[    0.000000] x86/fpu: Supporting XSAVE feature 0x004: 'AVX registers'
[    0.000000] x86/fpu: Supporting XSAVE feature 0x008: 'MPX bounds registers'
[    0.000000] x86/fpu: Supporting XSAVE feature 0x010: 'MPX CSR'
[    0.000000] x86/fpu: xstate_offset[2]:  576, xstate_sizes[2]:  256
[    0.000000] x86/fpu: xstate_offset[3]:  832, xstate_sizes[3]:   64
[    0.000000] x86/fpu: xstate_offset[4]:  896, xstate_sizes[4]:   64
[    0.000000] x86/fpu: Enabled xstate features 0x1f, context size is 960 bytes, using 'compacted' format.
[    0.000000] signal: max sigframe size: 2032
[    0.000000] BIOS-provided physical RAM map:
[    0.000000] BIOS-e820: [mem 0x0000000000000000-0x000000000009dfff] usable
[    0.000000] BIOS-e820: [mem 0x000000000009e000-0x000000000009efff] reserved
[    0.000000] BIOS-e820: [mem 0x000000000009f000-0x000000000009ffff] usable
[    0.000000] BIOS-e820: [mem 0x00000000000a0000-0x00000000000fffff] reserved
[    0.000000] BIOS-e820: [mem 0x0000000000100000-0x000000003fffffff] usable
[    0.000000] BIOS-e820: [mem 0x0000000040000000-0x00000000403fffff] reserved
[    0.000000] BIOS-e820: [mem 0x0000000040400000-0x000000007023bfff] usable
[    0.000000] BIOS-e820: [mem 0x000000007023c000-0x000000007023cfff] ACPI NVS
[    0.000000] BIOS-e820: [mem 0x000000007023d000-0x000000007023dfff] reserved
[    0.000000] BIOS-e820: [mem 0x000000007023e000-0x0000000077f18fff] usable
[    0.000000] BIOS-e820: [mem 0x0000000077f19000-0x0000000078986fff] reserved
[    0.000000] BIOS-e820: [mem 0x0000000078987000-0x0000000078a03fff] ACPI data
[    0.000000] BIOS-e820: [mem 0x0000000078a04000-0x0000000078ea2fff] ACPI NVS
[    0.000000] BIOS-e820: [mem 0x0000000078ea3000-0x000000007acfefff] reserved
[    0.000000] BIOS-e820: [mem 0x000000007acff000-0x000000007acfffff] usable
[    0.000000] BIOS-e820: [mem 0x000000007ad00000-0x000000007f7fffff] reserved
[    0.000000] BIOS-e820: [mem 0x00000000f0000000-0x00000000f7ffffff] reserved
[    0.000000] BIOS-e820: [mem 0x00000000fe000000-0x00000000fe010fff] reserved
[    0.000000] BIOS-e820: [mem 0x00000000fec00000-0x00000000fec00fff] reserved
[    0.000000] BIOS-e820: [mem 0x00000000fee00000-0x00000000fee00fff] reserved
[    0.000000] BIOS-e820: [mem 0x00000000ff000000-0x00000000ffffffff] reserved
[    0.000000] BIOS-e820: [mem 0x0000000100000000-0x000000047c7fffff] usable
[    0.000000] NX (Execute Disable) protection: active
[    0.000000] e820: update [mem 0x6cc1e018-0x6cc2e057] usable ==> usable
[    0.000000] e820: update [mem 0x6cc1e018-0x6cc2e057] usable ==> usable
[    0.000000] extended physical RAM map:
[    0.000000] reserve setup_data: [mem 0x0000000000000000-0x000000000009dfff] usable
[    0.000000] reserve setup_data: [mem 0x000000000009e000-0x000000000009efff] reserved
[    0.000000] reserve setup_data: [mem 0x000000000009f000-0x000000000009ffff] usable
[    0.000000] reserve setup_data: [mem 0x00000000000a0000-0x00000000000fffff] reserved
[    0.000000] reserve setup_data: [mem 0x0000000000100000-0x000000003fffffff] usable
[    0.000000] reserve setup_data: [mem 0x0000000040000000-0x00000000403fffff] reserved
[    0.000000] reserve setup_data: [mem 0x0000000040400000-0x000000006cc1e017] usable
[    0.000000] reserve setup_data: [mem 0x000000006cc1e018-0x000000006cc2e057] usable
[    0.000000] reserve setup_data: [mem 0x000000006cc2e058-0x000000007023bfff] usable
[    0.000000] reserve setup_data: [mem 0x000000007023c000-0x000000007023cfff] ACPI NVS
[    0.000000] reserve setup_data: [mem 0x000000007023d000-0x000000007023dfff] reserved
[    0.000000] reserve setup_data: [mem 0x000000007023e000-0x0000000077f18fff] usable
[    0.000000] reserve setup_data: [mem 0x0000000077f19000-0x0000000078986fff] reserved
[    0.000000] reserve setup_data: [mem 0x0000000078987000-0x0000000078a03fff] ACPI data
[    0.000000] reserve setup_data: [mem 0x0000000078a04000-0x0000000078ea2fff] ACPI NVS
[    0.000000] reserve setup_data: [mem 0x0000000078ea3000-0x000000007acfefff] reserved
[    0.000000] reserve setup_data: [mem 0x000000007acff000-0x000000007acfffff] usable
[    0.000000] reserve setup_data: [mem 0x000000007ad00000-0x000000007f7fffff] reserved
[    0.000000] reserve setup_data: [mem 0x00000000f0000000-0x00000000f7ffffff] reserved
[    0.000000] reserve setup_data: [mem 0x00000000fe000000-0x00000000fe010fff] reserved
[    0.000000] reserve setup_data: [mem 0x00000000fec00000-0x00000000fec00fff] reserved
[    0.000000] reserve setup_data: [mem 0x00000000fee00000-0x00000000fee00fff] reserved
[    0.000000] reserve setup_data: [mem 0x00000000ff000000-0x00000000ffffffff] reserved
[    0.000000] reserve setup_data: [mem 0x0000000100000000-0x000000047c7fffff] usable
[    0.000000] efi: EFI v2.70 by American Megatrends
[    0.000000] efi: ACPI 2.0=0x789a0000 ACPI=0x789a0000 SMBIOS=0xf0000 SMBIOS 3.0=0xf0020 TPMFinalLog=0x78e01000 ESRT=0x7a72b118 MEMATTR=0x759ac018 MOKvar=0x759b2000 RNG=0x7
9f88f18 TPMEventLog=0x7033e018
[    0.000000] efi: seeding entropy pool
[    0.000000] random: fast init done
[    0.000000] secureboot: Secure boot disabled
[    0.000000] SMBIOS 3.2.1 present.
[    0.000000] DMI: Dell Inc. Latitude 7400/07WDVW, BIOS 1.17.0 12/08/2021
[    0.000000] tsc: Detected 2100.000 MHz processor
[    0.000000] tsc: Detected 2099.944 MHz TSC
[    0.000461] e820: update [mem 0x00000000-0x00000fff] usable ==> reserved
[    0.000463] e820: remove [mem 0x000a0000-0x000fffff] usable
[    0.000468] last_pfn = 0x47c800 max_arch_pfn = 0x400000000
[    0.000648] x86/PAT: Configuration [0-7]: WB  WC  UC- UC  WB  WP  UC- WT
[    0.001476] last_pfn = 0x7ad00 max_arch_pfn = 0x400000000
[    0.006701] esrt: Reserving ESRT space from 0x000000007a72b118 to 0x000000007a72b150.
[    0.006705] e820: update [mem 0x759b2000-0x759b2fff] usable ==> reserved
[    0.006718] Using GB pages for direct mapping
[    0.007281] secureboot: Secure boot disabled
[    0.007282] RAMDISK: [mem 0x211fc000-0x24d74fff]
[    0.007298] ACPI: Early table checksum verification disabled
[    0.007301] ACPI: RSDP 0x00000000789A0000 000024 (v02 DELL  )
[    0.007304] ACPI: XSDT 0x00000000789A00C0 000104 (v01 DELL   CBX3     01072009 AMI  00010013)
[    0.007308] ACPI: FACP 0x00000000789E4CC8 000114 (v06 DELL   CBX3     01072009 AMI  00010013)
[    0.007312] ACPI: DSDT 0x00000000789A0258 044A70 (v02 DELL   CBX3     01072009 INTL 20160527)
[    0.007315] ACPI: FACS 0x0000000078EA1C00 000040
[    0.007316] ACPI: APIC 0x00000000789E4DE0 0000BC (v04 DELL   CBX3     01072009 AMI  00010013)
[    0.007319] ACPI: FPDT 0x00000000789E4EA0 000044 (v01 DELL   CBX3     01072009 AMI  00010013)
[    0.007321] ACPI: FIDT 0x00000000789E4EE8 00009C (v01 DELL   CBX3     01072009 AMI  00010013)
[    0.007322] ACPI: MCFG 0x00000000789E4F88 00003C (v01 DELL   CBX3     01072009 MSFT 00000097)
[    0.007325] ACPI: SSDT 0x00000000789E4FC8 001B26 (v02 CpuRef CpuSsdt  00003000 INTL 20160527)
[    0.007327] ACPI: BOOT 0x00000000789E6AF0 000028 (v01 DELL   CBX3     01072009 AMI  00010013)
[    0.007329] ACPI: SSDT 0x00000000789E6B18 001663 (v02 SaSsdt SaSsdt   00003000 INTL 20160527)
[    0.007331] ACPI: HPET 0x00000000789E8180 000038 (v01 DELL\x CBX3     00000002      01000013)
[    0.007333] ACPI: SSDT 0x00000000789E81B8 00208B (v02 DELL\x WHL_Tbt_ 00001000 INTL 20160527)
[    0.007335] ACPI: SSDT 0x00000000789EA248 0030D6 (v02 INTEL  xh_whld4 00000000 INTL 20160527)
[    0.007337] ACPI: UEFI 0x00000000789ED320 000042 (v01 DELL\x CBX3     00000002      01000013)
[    0.007339] ACPI: LPIT 0x00000000789ED368 000094 (v01 DELL\x CBX3     00000002      01000013)
[    0.007341] ACPI: WSMT 0x00000000789ED400 000028 (v01 DELL   CBX3     00000002      01000013)
[    0.007343] ACPI: SSDT 0x00000000789ED428 0027DE (v02 DELL\x PtidDevc 00001000 INTL 20160527)
[    0.007345] ACPI: SSDT 0x00000000789EFC08 000AE4 (v02 DELL\x TbtTypeC 00000000 INTL 20160527)
[    0.007347] ACPI: DBGP 0x00000000789F06F0 000034 (v01 DELL\x CBX3     00000002      01000013)
[    0.007349] ACPI: DBG2 0x00000000789F0728 000054 (v00 DELL\x CBX3     00000002      01000013)
[    0.007351] ACPI: SSDT 0x00000000789F0780 0007C6 (v02 DELL\x UsbCTabl 00001000 INTL 20160527)
[    0.007353] ACPI: SSDT 0x00000000789F0F48 0059DA (v02 DptfTa DptfTabl 00001000 INTL 20160527)
[    0.007356] ACPI: MSDM 0x00000000789F6928 000055 (v03 DELL   CBX3     06222004 AMI  00010013)
[    0.007358] ACPI: SLIC 0x00000000789F6980 000176 (v03 DELL   CBX3     01072009 MSFT 00010013)
[    0.007360] ACPI: DMAR 0x00000000789F6AF8 0000C8 (v01 INTEL  EDK2     00000002      01000013)
[    0.007362] ACPI: SSDT 0x00000000789F6BC0 000144 (v02 Intel  ADebTabl 00001000 INTL 20160527)
[    0.007364] ACPI: NHLT 0x00000000789F6D08 00002D (v00 INTEL  EDK2     00000002      01000013)
[    0.007366] ACPI: BGRT 0x00000000789F6D38 000038 (v00 DELL   CBX3     01072009 AMI  00010013)
[    0.007368] ACPI: TPM2 0x00000000789F6D70 000034 (v04 DELL\x CBX3     00000001 AMI  00000000)
[    0.007370] ACPI: ASF! 0x00000000789F6DA8 0000A0 (v32 DELL\x CBX3     00000002      01000013)
[    0.007372] ACPI: Reserving FACP table memory at [mem 0x789e4cc8-0x789e4ddb]
[    0.007373] ACPI: Reserving DSDT table memory at [mem 0x789a0258-0x789e4cc7]
[    0.007374] ACPI: Reserving FACS table memory at [mem 0x78ea1c00-0x78ea1c3f]
[    0.007374] ACPI: Reserving APIC table memory at [mem 0x789e4de0-0x789e4e9b]
[    0.007375] ACPI: Reserving FPDT table memory at [mem 0x789e4ea0-0x789e4ee3]
[    0.007376] ACPI: Reserving FIDT table memory at [mem 0x789e4ee8-0x789e4f83]
[    0.007376] ACPI: Reserving MCFG table memory at [mem 0x789e4f88-0x789e4fc3]
[    0.007377] ACPI: Reserving SSDT table memory at [mem 0x789e4fc8-0x789e6aed]
[    0.007378] ACPI: Reserving BOOT table memory at [mem 0x789e6af0-0x789e6b17]
[    0.007378] ACPI: Reserving SSDT table memory at [mem 0x789e6b18-0x789e817a]
[    0.007379] ACPI: Reserving HPET table memory at [mem 0x789e8180-0x789e81b7]
[    0.007380] ACPI: Reserving SSDT table memory at [mem 0x789e81b8-0x789ea242]
[    0.007380] ACPI: Reserving SSDT table memory at [mem 0x789ea248-0x789ed31d]
[    0.007381] ACPI: Reserving UEFI table memory at [mem 0x789ed320-0x789ed361]
[    0.007382] ACPI: Reserving LPIT table memory at [mem 0x789ed368-0x789ed3fb]
[    0.007382] ACPI: Reserving WSMT table memory at [mem 0x789ed400-0x789ed427]
[    0.007383] ACPI: Reserving SSDT table memory at [mem 0x789ed428-0x789efc05]
[    0.007384] ACPI: Reserving SSDT table memory at [mem 0x789efc08-0x789f06eb]
[    0.007385] ACPI: Reserving DBGP table memory at [mem 0x789f06f0-0x789f0723]
[    0.007385] ACPI: Reserving DBG2 table memory at [mem 0x789f0728-0x789f077b]
[    0.007386] ACPI: Reserving SSDT table memory at [mem 0x789f0780-0x789f0f45]
[    0.007387] ACPI: Reserving SSDT table memory at [mem 0x789f0f48-0x789f6921]
[    0.007388] ACPI: Reserving MSDM table memory at [mem 0x789f6928-0x789f697c]
[    0.007388] ACPI: Reserving SLIC table memory at [mem 0x789f6980-0x789f6af5]
[    0.007389] ACPI: Reserving DMAR table memory at [mem 0x789f6af8-0x789f6bbf]
[    0.007390] ACPI: Reserving SSDT table memory at [mem 0x789f6bc0-0x789f6d03]
[    0.007390] ACPI: Reserving NHLT table memory at [mem 0x789f6d08-0x789f6d34]
[    0.007391] ACPI: Reserving BGRT table memory at [mem 0x789f6d38-0x789f6d6f]
[    0.007392] ACPI: Reserving TPM2 table memory at [mem 0x789f6d70-0x789f6da3]
[    0.007393] ACPI: Reserving ASF! table memory at [mem 0x789f6da8-0x789f6e47]
[    0.007731] No NUMA configuration found
[    0.007732] Faking a node at [mem 0x0000000000000000-0x000000047c7fffff]
[    0.007741] NODE_DATA(0) allocated [mem 0x47c7d6000-0x47c7fffff]
[    0.007988] Zone ranges:
[    0.007988]   DMA      [mem 0x0000000000001000-0x0000000000ffffff]
[    0.007990]   DMA32    [mem 0x0000000001000000-0x00000000ffffffff]
[    0.007991]   Normal   [mem 0x0000000100000000-0x000000047c7fffff]
[    0.007992]   Device   empty
[    0.007993] Movable zone start for each node
[    0.007995] Early memory node ranges
[    0.007995]   node   0: [mem 0x0000000000001000-0x000000000009dfff]
[    0.007996]   node   0: [mem 0x000000000009f000-0x000000000009ffff]
[    0.007997]   node   0: [mem 0x0000000000100000-0x000000003fffffff]
[    0.007998]   node   0: [mem 0x0000000040400000-0x000000007023bfff]
[    0.007998]   node   0: [mem 0x000000007023e000-0x0000000077f18fff]
[    0.007999]   node   0: [mem 0x000000007acff000-0x000000007acfffff]
[    0.007999]   node   0: [mem 0x0000000100000000-0x000000047c7fffff]
[    0.008001] Initmem setup node 0 [mem 0x0000000000001000-0x000000047c7fffff]
[    0.008006] On node 0, zone DMA: 1 pages in unavailable ranges
[    0.008007] On node 0, zone DMA: 1 pages in unavailable ranges
[    0.008034] On node 0, zone DMA: 96 pages in unavailable ranges
[    0.013638] On node 0, zone DMA32: 1024 pages in unavailable ranges
[    0.014068] On node 0, zone DMA32: 2 pages in unavailable ranges
[    0.014235] On node 0, zone DMA32: 11750 pages in unavailable ranges
[    0.064315] On node 0, zone Normal: 21248 pages in unavailable ranges
[    0.064514] On node 0, zone Normal: 14336 pages in unavailable ranges
[    0.064529] Reserving Intel graphics memory at [mem 0x7d800000-0x7f7fffff]
[    0.065284] ACPI: PM-Timer IO Port: 0x1808
[    0.065288] ACPI: LAPIC_NMI (acpi_id[0x01] high edge lint[0x1])
[    0.065290] ACPI: LAPIC_NMI (acpi_id[0x02] high edge lint[0x1])
[    0.065290] ACPI: LAPIC_NMI (acpi_id[0x03] high edge lint[0x1])
[    0.065291] ACPI: LAPIC_NMI (acpi_id[0x04] high edge lint[0x1])
[    0.065291] ACPI: LAPIC_NMI (acpi_id[0x05] high edge lint[0x1])
[    0.065292] ACPI: LAPIC_NMI (acpi_id[0x06] high edge lint[0x1])
[    0.065293] ACPI: LAPIC_NMI (acpi_id[0x07] high edge lint[0x1])
[    0.065293] ACPI: LAPIC_NMI (acpi_id[0x08] high edge lint[0x1])
[    0.065351] IOAPIC[0]: apic_id 2, version 32, address 0xfec00000, GSI 0-119
[    0.065353] ACPI: INT_SRC_OVR (bus 0 bus_irq 0 global_irq 2 dfl dfl)
[    0.065355] ACPI: INT_SRC_OVR (bus 0 bus_irq 9 global_irq 9 high level)
[    0.065357] ACPI: Using ACPI (MADT) for SMP configuration information
[    0.065358] ACPI: HPET id: 0x8086a201 base: 0xfed00000
[    0.065363] e820: update [mem 0x7329c000-0x73324fff] usable ==> reserved
[    0.065370] TSC deadline timer available
[    0.065371] smpboot: Allowing 8 CPUs, 0 hotplug CPUs
[    0.065388] PM: hibernation: Registered nosave memory: [mem 0x00000000-0x00000fff]
[    0.065389] PM: hibernation: Registered nosave memory: [mem 0x0009e000-0x0009efff]
[    0.065391] PM: hibernation: Registered nosave memory: [mem 0x000a0000-0x000fffff]
[    0.065392] PM: hibernation: Registered nosave memory: [mem 0x40000000-0x403fffff]
[    0.065394] PM: hibernation: Registered nosave memory: [mem 0x6cc1e000-0x6cc1efff]
[    0.065395] PM: hibernation: Registered nosave memory: [mem 0x6cc2e000-0x6cc2efff]
[    0.065396] PM: hibernation: Registered nosave memory: [mem 0x7023c000-0x7023cfff]
[    0.065397] PM: hibernation: Registered nosave memory: [mem 0x7023d000-0x7023dfff]
[    0.065398] PM: hibernation: Registered nosave memory: [mem 0x7329c000-0x73324fff]
[    0.065400] PM: hibernation: Registered nosave memory: [mem 0x759b2000-0x759b2fff]
[    0.065401] PM: hibernation: Registered nosave memory: [mem 0x77f19000-0x78986fff]
[    0.065401] PM: hibernation: Registered nosave memory: [mem 0x78987000-0x78a03fff]
[    0.065402] PM: hibernation: Registered nosave memory: [mem 0x78a04000-0x78ea2fff]
[    0.065403] PM: hibernation: Registered nosave memory: [mem 0x78ea3000-0x7acfefff]
[    0.065404] PM: hibernation: Registered nosave memory: [mem 0x7ad00000-0x7f7fffff]
[    0.065404] PM: hibernation: Registered nosave memory: [mem 0x7f800000-0xefffffff]
[    0.065405] PM: hibernation: Registered nosave memory: [mem 0xf0000000-0xf7ffffff]
[    0.065406] PM: hibernation: Registered nosave memory: [mem 0xf8000000-0xfdffffff]
[    0.065406] PM: hibernation: Registered nosave memory: [mem 0xfe000000-0xfe010fff]
[    0.065407] PM: hibernation: Registered nosave memory: [mem 0xfe011000-0xfebfffff]
[    0.065407] PM: hibernation: Registered nosave memory: [mem 0xfec00000-0xfec00fff]
[    0.065408] PM: hibernation: Registered nosave memory: [mem 0xfec01000-0xfedfffff]
[    0.065408] PM: hibernation: Registered nosave memory: [mem 0xfee00000-0xfee00fff]
[    0.065409] PM: hibernation: Registered nosave memory: [mem 0xfee01000-0xfeffffff]
[    0.065409] PM: hibernation: Registered nosave memory: [mem 0xff000000-0xffffffff]
[    0.065410] [mem 0x7f800000-0xefffffff] available for PCI devices
[    0.065411] Booting paravirtualized kernel on bare hardware
[    0.065414] clocksource: refined-jiffies: mask: 0xffffffff max_cycles: 0xffffffff, max_idle_ns: 7645519600211568 ns
[    0.065438] setup_percpu: NR_CPUS:8192 nr_cpumask_bits:8 nr_cpu_ids:8 nr_node_ids:1
[    0.065962] percpu: Embedded 60 pages/cpu s208896 r8192 d28672 u262144
[    0.065968] pcpu-alloc: s208896 r8192 d28672 u262144 alloc=1*2097152
[    0.065970] pcpu-alloc: [0] 0 1 2 3 4 5 6 7
[    0.065995] Built 1 zonelists, mobility grouping on.  Total pages: 4080907
[    0.065996] Policy zone: Normal
[    0.065997] Kernel command line: BOOT_IMAGE=/boot/vmlinuz-5.15.0-40-generic root=UUID=fb003d69-3729-4e4b-9b78-96bf42698ee1 ro quiet splash vt.handoff=7
[    0.066054] Unknown kernel command line parameters "splash BOOT_IMAGE=/boot/vmlinuz-5.15.0-40-generic", will be passed to user space.
[    0.067674] Dentry cache hash table entries: 2097152 (order: 12, 16777216 bytes, linear)
[    0.068577] Inode-cache hash table entries: 1048576 (order: 11, 8388608 bytes, linear)
[    0.068638] mem auto-init: stack:off, heap alloc:on, heap free:off
[    0.152474] Memory: 16035292K/16583384K available (16393K kernel code, 4382K rwdata, 10796K rodata, 2904K init, 4844K bss, 547832K reserved, 0K cma-reserved)
[    0.152482] random: get_random_u64 called from kmem_cache_open+0x2b/0x320 with crng_init=1
[    0.152612] SLUB: HWalign=64, Order=0-3, MinObjects=0, CPUs=8, Nodes=1
[    0.152626] ftrace: allocating 50444 entries in 198 pages
[    0.165451] ftrace: allocated 198 pages with 4 groups
[    0.165586] rcu: Hierarchical RCU implementation.
[    0.165587] rcu:     RCU restricting CPUs from NR_CPUS=8192 to nr_cpu_ids=8.
[    0.165588]  Rude variant of Tasks RCU enabled.
[    0.165589]  Tracing variant of Tasks RCU enabled.
[    0.165589] rcu: RCU calculated value of scheduler-enlistment delay is 25 jiffies.
[    0.165590] rcu: Adjusting geometry for rcu_fanout_leaf=16, nr_cpu_ids=8
[    0.168603] NR_IRQS: 524544, nr_irqs: 2048, preallocated irqs: 16
[    0.169111] random: crng done (trusting CPU's manufacturer)
[    0.169138] Console: colour dummy device 80x25
[    0.169152] printk: console [tty0] enabled
[    0.169171] ACPI: Core revision 20210730
[    0.169395] hpet: HPET dysfunctional in PC10. Force disabled.
[    0.169397] APIC: Switch to symmetric I/O mode setup
[    0.169398] DMAR: Host address width 39
[    0.169399] DMAR: DRHD base: 0x000000fed90000 flags: 0x0
[    0.169403] DMAR: dmar0: reg_base_addr fed90000 ver 1:0 cap 1c0000c40660462 ecap 19e2ff0505e
[    0.169406] DMAR: DRHD base: 0x000000fed91000 flags: 0x1
[    0.169408] DMAR: dmar1: reg_base_addr fed91000 ver 1:0 cap d2008c40660462 ecap f050da
[    0.169410] DMAR: RMRR base: 0x00000078863000 end: 0x00000078882fff
[    0.169411] DMAR: RMRR base: 0x0000007d000000 end: 0x0000007f7fffff
[    0.169412] DMAR: RMRR base: 0x00000078907000 end: 0x00000078986fff
[    0.169413] DMAR-IR: IOAPIC id 2 under DRHD base  0xfed91000 IOMMU 1
[    0.169414] DMAR-IR: HPET id 0 under DRHD base 0xfed91000
[    0.169415] DMAR-IR: Queued invalidation will be enabled to support x2apic and Intr-remapping.
[    0.172071] DMAR-IR: Enabled IRQ remapping in x2apic mode
[    0.172083] x2apic enabled
[    0.172108] Switched APIC routing to cluster x2apic.
[    0.177754] clocksource: tsc-early: mask: 0xffffffffffffffff max_cycles: 0x1e44fb6c2ab, max_idle_ns: 440795206594 ns
[    0.177760] Calibrating delay loop (skipped), value calculated using timer frequency.. 4199.88 BogoMIPS (lpj=8399776)
[    0.177763] pid_max: default: 32768 minimum: 301
[    0.180259] LSM: Security Framework initializing
[    0.180267] landlock: Up and running.
[    0.180268] Yama: becoming mindful.
[    0.180314] AppArmor: AppArmor initialized
[    0.180389] Mount-cache hash table entries: 32768 (order: 6, 262144 bytes, linear)
[    0.180438] Mountpoint-cache hash table entries: 32768 (order: 6, 262144 bytes, linear)
[    0.180655] x86/cpu: SGX disabled by BIOS.
[    0.180662] CPU0: Thermal monitoring enabled (TM1)
[    0.180705] process: using mwait in idle threads
[    0.180708] Last level iTLB entries: 4KB 64, 2MB 8, 4MB 8
[    0.180708] Last level dTLB entries: 4KB 64, 2MB 0, 4MB 0, 1GB 4
[    0.180713] Spectre V1 : Mitigation: usercopy/swapgs barriers and __user pointer sanitization
[    0.180714] Spectre V2 : Mitigation: Enhanced IBRS
[    0.180715] Spectre V2 : Spectre v2 / SpectreRSB mitigation: Filling RSB on context switch
[    0.180716] Spectre V2 : mitigation: Enabling conditional Indirect Branch Prediction Barrier
[    0.180717] Speculative Store Bypass: Mitigation: Speculative Store Bypass disabled via prctl and seccomp
[    0.180719] TAA: Mitigation: TSX disabled
[    0.180720] MMIO Stale Data: Mitigation: Clear CPU buffers
[    0.180721] SRBDS: Mitigation: Microcode
[    0.181757] Freeing SMP alternatives memory: 40K
[    0.181757] smpboot: Estimated ratio of average max frequency by base frequency (times 1024): 2048
[    0.181757] smpboot: CPU0: Intel(R) Core(TM) i7-8665U CPU @ 1.90GHz (family: 0x6, model: 0x8e, stepping: 0xc)
[    0.181757] Performance Events: PEBS fmt3+, Skylake events, 32-deep LBR, full-width counters, Intel PMU driver.
[    0.181757] ... version:                4
[    0.181757] ... bit width:              48
[    0.181757] ... generic registers:      4
[    0.181757] ... value mask:             0000ffffffffffff
[    0.181757] ... max period:             00007fffffffffff
[    0.181757] ... fixed-purpose events:   3
[    0.181757] ... event mask:             000000070000000f
[    0.181757] rcu: Hierarchical SRCU implementation.
[    0.181757] NMI watchdog: Enabled. Permanently consumes one hw-PMU counter.
[    0.181757] smp: Bringing up secondary CPUs ...
[    0.181757] x86: Booting SMP configuration:
[    0.181757] .... node  #0, CPUs:      #1 #2 #3 #4
[    0.183283] MMIO Stale Data CPU bug present and SMT on, data leak possible. See https://www.kernel.org/doc/html/latest/admin-guide/hw-vuln/processor_mmio_stale_data.html
for more details.
[    0.183283]  #5 #6 #7
[    0.186181] smp: Brought up 1 node, 8 CPUs
[    0.186181] smpboot: Max logical packages: 1
[    0.186181] smpboot: Total of 8 processors activated (33599.10 BogoMIPS)
[    0.189781] devtmpfs: initialized
[    0.189801] x86/mm: Memory block size: 128MB
[    0.190472] ACPI: PM: Registering ACPI NVS region [mem 0x7023c000-0x7023cfff] (4096 bytes)
[    0.190472] ACPI: PM: Registering ACPI NVS region [mem 0x78a04000-0x78ea2fff] (4845568 bytes)
[    0.190472] clocksource: jiffies: mask: 0xffffffff max_cycles: 0xffffffff, max_idle_ns: 7645041785100000 ns
[    0.190472] futex hash table entries: 2048 (order: 5, 131072 bytes, linear)
[    0.190472] pinctrl core: initialized pinctrl subsystem
[    0.190472] PM: RTC time: 06:36:33, date: 2022-07-12
[    0.190472] NET: Registered PF_NETLINK/PF_ROUTE protocol family
[    0.190472] DMA: preallocated 2048 KiB GFP_KERNEL pool for atomic allocations
[    0.190472] DMA: preallocated 2048 KiB GFP_KERNEL|GFP_DMA pool for atomic allocations
[    0.190608] DMA: preallocated 2048 KiB GFP_KERNEL|GFP_DMA32 pool for atomic allocations
[    0.190615] audit: initializing netlink subsys (disabled)
[    0.190621] audit: type=2000 audit(1657607793.012:1): state=initialized audit_enabled=0 res=1
[    0.190621] thermal_sys: Registered thermal governor 'fair_share'
[    0.190621] thermal_sys: Registered thermal governor 'bang_bang'
[    0.190621] thermal_sys: Registered thermal governor 'step_wise'
[    0.190621] thermal_sys: Registered thermal governor 'user_space'
[    0.190621] thermal_sys: Registered thermal governor 'power_allocator'
[    0.190621] EISA bus registered
[    0.190621] cpuidle: using governor ladder
[    0.190621] cpuidle: using governor menu
[    0.190621] Simple Boot Flag at 0x47 set to 0x80
[    0.190621] ACPI: bus type PCI registered
[    0.190621] acpiphp: ACPI Hot Plug PCI Controller Driver version: 0.5
[    0.190621] PCI: MMCONFIG for domain 0000 [bus 00-7f] at [mem 0xf0000000-0xf7ffffff] (base 0xf0000000)
[    0.190621] PCI: MMCONFIG at [mem 0xf0000000-0xf7ffffff] reserved in E820
[    0.190621] PCI: Using configuration type 1 for base access
[    0.190621] ENERGY_PERF_BIAS: Set to 'normal', was 'performance'
[    0.190621] Kprobes globally optimized
[    0.190621] HugeTLB registered 1.00 GiB page size, pre-allocated 0 pages
[    0.190621] HugeTLB registered 2.00 MiB page size, pre-allocated 0 pages
[    0.190621] fbcon: Taking over console
[    0.190621] ACPI: Added _OSI(Module Device)
[    0.190621] ACPI: Added _OSI(Processor Device)
[    0.190621] ACPI: Added _OSI(3.0 _SCP Extensions)
[    0.190621] ACPI: Added _OSI(Processor Aggregator Device)
[    0.190621] ACPI: Added _OSI(Linux-Dell-Video)
[    0.190621] ACPI: Added _OSI(Linux-Lenovo-NV-HDMI-Audio)
[    0.190621] ACPI: Added _OSI(Linux-HPI-Hybrid-Graphics)
[    0.247488] ACPI: 10 ACPI AML tables successfully acquired and loaded
[    0.316182] ACPI: [Firmware Bug]: BIOS _OSI(Linux) query ignored
[    0.327252] ACPI: Dynamic OEM Table Load:
[    0.327262] ACPI: SSDT 0xFFFF988F401FF700 0000F4 (v02 PmRef  Cpu0Psd  00003000 INTL 20160527)
[    0.328862] ACPI: \_SB_.PR00: _OSC native thermal LVT Acked
[    0.330299] ACPI: Dynamic OEM Table Load:
[    0.330307] ACPI: SSDT 0xFFFF988F41297400 000400 (v02 PmRef  Cpu0Cst  00003001 INTL 20160527)
[    0.331959] ACPI: Dynamic OEM Table Load:
[    0.331966] ACPI: SSDT 0xFFFF988F412D5000 000560 (v02 PmRef  Cpu0Ist  00003000 INTL 20160527)
[    0.333597] ACPI: Dynamic OEM Table Load:
[    0.333602] ACPI: SSDT 0xFFFF988F402B4000 00011B (v02 PmRef  Cpu0Hwp  00003000 INTL 20160527)
[    0.334904] ACPI: Dynamic OEM Table Load:
[    0.334911] ACPI: SSDT 0xFFFF988F412D4800 000724 (v02 PmRef  HwpLvt   00003000 INTL 20160527)
[    0.336564] ACPI: Dynamic OEM Table Load:
[    0.336570] ACPI: SSDT 0xFFFF988F412D7800 0005FC (v02 PmRef  ApIst    00003000 INTL 20160527)
[    0.338043] ACPI: Dynamic OEM Table Load:
[    0.338048] ACPI: SSDT 0xFFFF988F41295400 000317 (v02 PmRef  ApHwp    00003000 INTL 20160527)
[    0.339365] ACPI: Dynamic OEM Table Load:
[    0.339370] ACPI: SSDT 0xFFFF988F4007C000 000AB0 (v02 PmRef  ApPsd    00003000 INTL 20160527)
[    0.341316] ACPI: Dynamic OEM Table Load:
[    0.341321] ACPI: SSDT 0xFFFF988F41295800 00030A (v02 PmRef  ApCst    00003000 INTL 20160527)
[    0.345395] ACPI: EC: EC started
[    0.345396] ACPI: EC: interrupt blocked
[    0.365799] ACPI: EC: EC_CMD/EC_SC=0x934, EC_DATA=0x930
[    0.365805] ACPI: \_SB_.PCI0.LPCB.ECDV: Boot DSDT EC used to handle transactions
[    0.365806] ACPI: Interpreter enabled
[    0.365846] ACPI: PM: (supports S0 S3 S4 S5)
[    0.365848] ACPI: Using IOAPIC for interrupt routing
[    0.365910] PCI: Using host bridge windows from ACPI; if necessary, use "pci=nocrs" and report a bug
[    0.366408] ACPI: Enabled 10 GPEs in block 00 to 7F
[    0.371263] ACPI: PM: Power Resource [PXP]
[    0.377861] ACPI: PM: Power Resource [BTPR]
[    0.378629] ACPI: PM: Power Resource [USBC]
[    0.378757] ACPI: PM: Power Resource [PAUD]
[    0.381192] ACPI: PM: Power Resource [V0PR]
[    0.381331] ACPI: PM: Power Resource [V1PR]
[    0.381466] ACPI: PM: Power Resource [V2PR]
[    0.385137] ACPI: PM: Power Resource [WRST]
[    0.397528] ACPI: PM: Power Resource [PIN]
[    0.397882] ACPI: PCI Root Bridge [PCI0] (domain 0000 [bus 00-7e])
[    0.397888] acpi PNP0A08:00: _OSC: OS supports [ExtendedConfig ASPM ClockPM Segments MSI HPX-Type3]
[    0.399053] acpi PNP0A08:00: _OSC: platform does not support [AER]
[    0.401211] acpi PNP0A08:00: _OSC: OS now controls [PCIeHotplug SHPCHotplug PME PCIeCapability LTR]
[    0.402088] PCI host bridge to bus 0000:00
[    0.402090] pci_bus 0000:00: root bus resource [bus 00-7e]
[    0.402092] pci_bus 0000:00: root bus resource [io  0x0000-0x0cf7 window]
[    0.402093] pci_bus 0000:00: root bus resource [io  0x0d00-0xffff window]
[    0.402094] pci_bus 0000:00: root bus resource [mem 0x000a0000-0x000dffff window]
[    0.402095] pci_bus 0000:00: root bus resource [mem 0x7f800000-0xefffffff window]
[    0.402096] pci_bus 0000:00: root bus resource [mem 0xfc800000-0xfe7fffff window]
[    0.402156] pci 0000:00:00.0: [8086:3e34] type 00 class 0x060000
[    0.402349] pci 0000:00:02.0: [8086:3ea0] type 00 class 0x030000
[    0.402356] pci 0000:00:02.0: reg 0x10: [mem 0xcb000000-0xcbffffff 64bit]
[    0.402361] pci 0000:00:02.0: reg 0x18: [mem 0x80000000-0x8fffffff 64bit pref]
[    0.402364] pci 0000:00:02.0: reg 0x20: [io  0x3000-0x303f]
[    0.402376] pci 0000:00:02.0: BAR 2: assigned to efifb
[    0.402378] pci 0000:00:02.0: Video device with shadowed ROM at [mem 0x000c0000-0x000dffff]
[    0.402586] pci 0000:00:04.0: [8086:1903] type 00 class 0x118000
[    0.402594] pci 0000:00:04.0: reg 0x10: [mem 0xcc310000-0xcc317fff 64bit]
[    0.402842] pci 0000:00:08.0: [8086:1911] type 00 class 0x088000
[    0.402851] pci 0000:00:08.0: reg 0x10: [mem 0xcc32d000-0xcc32dfff 64bit]
[    0.403048] pci 0000:00:12.0: [8086:9df9] type 00 class 0x118000
[    0.403066] pci 0000:00:12.0: reg 0x10: [mem 0xcc32c000-0xcc32cfff 64bit]
[    0.403325] pci 0000:00:13.0: [8086:9dfc] type 00 class 0x070000
[    0.403340] pci 0000:00:13.0: reg 0x10: [mem 0xcc322000-0xcc323fff 64bit]
[    0.403394] pci 0000:00:13.0: PME# supported from D0 D3hot
[    0.403759] pci 0000:00:14.0: [8086:9ded] type 00 class 0x0c0330
[    0.403772] pci 0000:00:14.0: reg 0x10: [mem 0xcc300000-0xcc30ffff 64bit]
[    0.403822] pci 0000:00:14.0: PME# supported from D3hot D3cold
[    0.404088] pci 0000:00:14.2: [8086:9def] type 00 class 0x050000
[    0.404103] pci 0000:00:14.2: reg 0x10: [mem 0xcc320000-0xcc321fff 64bit]
[    0.404112] pci 0000:00:14.2: reg 0x18: [mem 0xcc32b000-0xcc32bfff 64bit]
[    0.404337] pci 0000:00:14.3: [8086:9df0] type 00 class 0x028000
[    0.404357] pci 0000:00:14.3: reg 0x10: [mem 0xcc31c000-0xcc31ffff 64bit]
[    0.404454] pci 0000:00:14.3: PME# supported from D0 D3hot D3cold
[    0.404770] pci 0000:00:15.0: [8086:9de8] type 00 class 0x0c8000
[    0.404825] pci 0000:00:15.0: reg 0x10: [mem 0x00000000-0x00000fff 64bit]
[    0.405290] pci 0000:00:15.1: [8086:9de9] type 00 class 0x0c8000
[    0.405350] pci 0000:00:15.1: reg 0x10: [mem 0x00000000-0x00000fff 64bit]
[    0.405827] pci 0000:00:15.3: [8086:9deb] type 00 class 0x0c8000
[    0.405883] pci 0000:00:15.3: reg 0x10: [mem 0x00000000-0x00000fff 64bit]
[    0.406335] pci 0000:00:16.0: [8086:9de0] type 00 class 0x078000
[    0.406354] pci 0000:00:16.0: reg 0x10: [mem 0xcc327000-0xcc327fff 64bit]
[    0.406423] pci 0000:00:16.0: PME# supported from D3hot
[    0.406706] pci 0000:00:16.3: [8086:9de3] type 00 class 0x070002
[    0.406716] pci 0000:00:16.3: reg 0x10: [io  0x3060-0x3067]
[    0.406721] pci 0000:00:16.3: reg 0x14: [mem 0xcc326000-0xcc326fff]
[    0.407029] pci 0000:00:19.0: [8086:9dc5] type 00 class 0x0c8000
[    0.407085] pci 0000:00:19.0: reg 0x10: [mem 0x00000000-0x00000fff 64bit]
[    0.407530] pci 0000:00:1c.0: [8086:9dbc] type 01 class 0x060400
[    0.407597] pci 0000:00:1c.0: PME# supported from D0 D3hot D3cold
[    0.407618] pci 0000:00:1c.0: PTM enabled (root), 4ns granularity
[    0.408202] pci 0000:00:1d.0: [8086:9db3] type 01 class 0x060400
[    0.408268] pci 0000:00:1d.0: PME# supported from D0 D3hot D3cold
[    0.408292] pci 0000:00:1d.0: PTM enabled (root), 4ns granularity
[    0.408845] pci 0000:00:1d.4: [8086:9db4] type 01 class 0x060400
[    0.408911] pci 0000:00:1d.4: PME# supported from D0 D3hot D3cold
[    0.408934] pci 0000:00:1d.4: PTM enabled (root), 4ns granularity
[    0.409495] pci 0000:00:1f.0: [8086:9d84] type 00 class 0x060100
[    0.409851] pci 0000:00:1f.3: [8086:9dc8] type 00 class 0x040380
[    0.409880] pci 0000:00:1f.3: reg 0x10: [mem 0xcc318000-0xcc31bfff 64bit]
[    0.409917] pci 0000:00:1f.3: reg 0x20: [mem 0xcc000000-0xcc0fffff 64bit]
[    0.409990] pci 0000:00:1f.3: PME# supported from D3hot D3cold
[    0.410500] pci 0000:00:1f.4: [8086:9da3] type 00 class 0x0c0500
[    0.410523] pci 0000:00:1f.4: reg 0x10: [mem 0xcc324000-0xcc3240ff 64bit]
[    0.410551] pci 0000:00:1f.4: reg 0x20: [io  0xefa0-0xefbf]
[    0.410792] pci 0000:00:1f.5: [8086:9da4] type 00 class 0x0c8000
[    0.410806] pci 0000:00:1f.5: reg 0x10: [mem 0xfe010000-0xfe010fff]
[    0.411037] pci 0000:01:00.0: [8086:15da] type 01 class 0x060400
[    0.411083] pci 0000:01:00.0: enabling Extended Tags
[    0.411164] pci 0000:01:00.0: supports D1 D2
[    0.411164] pci 0000:01:00.0: PME# supported from D0 D1 D2 D3hot D3cold
[    0.411289] pci 0000:00:1c.0: PCI bridge to [bus 01-39]
[    0.411292] pci 0000:00:1c.0:   bridge window [mem 0xb4000000-0xca0fffff]
[    0.411296] pci 0000:00:1c.0:   bridge window [mem 0x90000000-0xb1ffffff 64bit pref]
[    0.411358] pci 0000:02:00.0: [8086:15da] type 01 class 0x060400
[    0.411407] pci 0000:02:00.0: enabling Extended Tags
[    0.411490] pci 0000:02:00.0: supports D1 D2
[    0.411491] pci 0000:02:00.0: PME# supported from D0 D1 D2 D3hot D3cold
[    0.411598] pci 0000:02:01.0: [8086:15da] type 01 class 0x060400
[    0.411647] pci 0000:02:01.0: enabling Extended Tags
[    0.411729] pci 0000:02:01.0: supports D1 D2
[    0.411729] pci 0000:02:01.0: PME# supported from D0 D1 D2 D3hot D3cold
[    0.411836] pci 0000:02:02.0: [8086:15da] type 01 class 0x060400
[    0.411885] pci 0000:02:02.0: enabling Extended Tags
[    0.411966] pci 0000:02:02.0: supports D1 D2
[    0.411966] pci 0000:02:02.0: PME# supported from D0 D1 D2 D3hot D3cold
[    0.412094] pci 0000:01:00.0: PCI bridge to [bus 02-39]
[    0.412101] pci 0000:01:00.0:   bridge window [mem 0xb4000000-0xca0fffff]
[    0.412106] pci 0000:01:00.0:   bridge window [mem 0x90000000-0xb1ffffff 64bit pref]
[    0.412164] pci 0000:03:00.0: [8086:15d9] type 00 class 0x088000
[    0.412182] pci 0000:03:00.0: reg 0x10: [mem 0xca000000-0xca03ffff]
[    0.412193] pci 0000:03:00.0: reg 0x14: [mem 0xca040000-0xca040fff]
[    0.412249] pci 0000:03:00.0: enabling Extended Tags
[    0.412348] pci 0000:03:00.0: supports D1 D2
[    0.412348] pci 0000:03:00.0: PME# supported from D0 D1 D2 D3hot D3cold
[    0.412468] pci 0000:02:00.0: PCI bridge to [bus 03]
[    0.412475] pci 0000:02:00.0:   bridge window [mem 0xca000000-0xca0fffff]
[    0.412557] pci 0000:04:00.0: [8086:15ef] type 01 class 0x060400
[    0.412657] pci 0000:04:00.0: enabling Extended Tags
[    0.412861] pci 0000:04:00.0: supports D1 D2
[    0.412862] pci 0000:04:00.0: PME# supported from D0 D1 D2 D3hot D3cold
[    0.413083] pci 0000:04:00.0: 8.000 Gb/s available PCIe bandwidth, limited by 2.5 GT/s PCIe x4 link at 0000:02:01.0 (capable of 31.504 Gb/s with 8.0 GT/s PCIe x4 link)
[    0.421814] pci 0000:02:01.0: PCI bridge to [bus 04-38]
[    0.421824] pci 0000:02:01.0:   bridge window [mem 0xb4000000-0xc9efffff]
[    0.421831] pci 0000:02:01.0:   bridge window [mem 0x90000000-0xb1ffffff 64bit pref]
[    0.421971] pci 0000:05:02.0: [8086:15ef] type 01 class 0x060400
[    0.422086] pci 0000:05:02.0: enabling Extended Tags
[    0.422302] pci 0000:05:02.0: supports D1 D2
[    0.422303] pci 0000:05:02.0: PME# supported from D0 D1 D2 D3hot D3cold
[    0.422577] pci 0000:05:04.0: [8086:15ef] type 01 class 0x060400
[    0.422693] pci 0000:05:04.0: enabling Extended Tags
[    0.422916] pci 0000:05:04.0: supports D1 D2
[    0.422918] pci 0000:05:04.0: PME# supported from D0 D1 D2 D3hot D3cold
[    0.423205] pci 0000:04:00.0: PCI bridge to [bus 05-38]
[    0.423222] pci 0000:04:00.0:   bridge window [mem 0xb4000000-0xc9efffff]
[    0.423233] pci 0000:04:00.0:   bridge window [mem 0x90000000-0xb1ffffff 64bit pref]
[    0.423369] pci 0000:06:00.0: [8086:15f0] type 00 class 0x0c0330
[    0.423409] pci 0000:06:00.0: reg 0x10: [mem 0xb4000000-0xb400ffff]
[    0.423551] pci 0000:06:00.0: enabling Extended Tags
[    0.423774] pci 0000:06:00.0: supports D1 D2
[    0.423775] pci 0000:06:00.0: PME# supported from D0 D1 D2 D3hot D3cold
[    0.423960] pci 0000:06:00.0: 8.000 Gb/s available PCIe bandwidth, limited by 2.5 GT/s PCIe x4 link at 0000:02:01.0 (capable of 31.504 Gb/s with 8.0 GT/s PCIe x4 link)
[    0.424080] pci 0000:05:02.0: PCI bridge to [bus 06]
[    0.424097] pci 0000:05:02.0:   bridge window [mem 0xb4000000-0xb40fffff]
[    0.424193] pci 0000:05:04.0: PCI bridge to [bus 07-38]
[    0.424209] pci 0000:05:04.0:   bridge window [mem 0xb4100000-0xc9efffff]
[    0.424221] pci 0000:05:04.0:   bridge window [mem 0x90000000-0xb1ffffff 64bit pref]
[    0.424354] pci 0000:39:00.0: [8086:15db] type 00 class 0x0c0330
[    0.424379] pci 0000:39:00.0: reg 0x10: [mem 0xc9f00000-0xc9f0ffff]
[    0.424461] pci 0000:39:00.0: enabling Extended Tags
[    0.424585] pci 0000:39:00.0: supports D1 D2
[    0.424586] pci 0000:39:00.0: PME# supported from D0 D1 D2 D3hot D3cold
[    0.424677] pci 0000:39:00.0: 8.000 Gb/s available PCIe bandwidth, limited by 2.5 GT/s PCIe x4 link at 0000:02:02.0 (capable of 31.504 Gb/s with 8.0 GT/s PCIe x4 link)
[    0.424781] pci 0000:02:02.0: PCI bridge to [bus 39]
[    0.424791] pci 0000:02:02.0:   bridge window [mem 0xc9f00000-0xc9ffffff]
[    0.425036] pci 0000:3a:00.0: [10ec:525a] type 00 class 0xff0000
[    0.425064] pci 0000:3a:00.0: reg 0x14: [mem 0xcc200000-0xcc200fff]
[    0.425194] pci 0000:3a:00.0: supports D1 D2
[    0.425196] pci 0000:3a:00.0: PME# supported from D1 D2 D3hot D3cold
[    0.425397] pci 0000:00:1d.0: PCI bridge to [bus 3a]
[    0.425402] pci 0000:00:1d.0:   bridge window [mem 0xcc200000-0xcc2fffff]
[    0.425602] pci 0000:3b:00.0: [1344:5410] type 00 class 0x010802
[    0.425623] pci 0000:3b:00.0: reg 0x10: [mem 0xcc100000-0xcc103fff 64bit]
[    0.425896] pci 0000:00:1d.4: PCI bridge to [bus 3b]
[    0.425902] pci 0000:00:1d.4:   bridge window [mem 0xcc100000-0xcc1fffff]
[    0.429004] ACPI: PCI: Interrupt link LNKA configured for IRQ 0
[    0.429132] ACPI: PCI: Interrupt link LNKB configured for IRQ 1
[    0.429256] ACPI: PCI: Interrupt link LNKC configured for IRQ 0
[    0.429380] ACPI: PCI: Interrupt link LNKD configured for IRQ 0
[    0.429504] ACPI: PCI: Interrupt link LNKE configured for IRQ 0
[    0.429627] ACPI: PCI: Interrupt link LNKF configured for IRQ 0
[    0.429752] ACPI: PCI: Interrupt link LNKG configured for IRQ 0
[    0.429887] ACPI: PCI: Interrupt link LNKH configured for IRQ 0
[    0.448263] ACPI: EC: interrupt unblocked
[    0.448264] ACPI: EC: event unblocked
[    0.448273] ACPI: EC: EC_CMD/EC_SC=0x934, EC_DATA=0x930
[    0.448274] ACPI: EC: GPE=0x6e
[    0.448275] ACPI: \_SB_.PCI0.LPCB.ECDV: Boot DSDT EC initialization complete
[    0.448276] ACPI: \_SB_.PCI0.LPCB.ECDV: EC: Used to handle transactions and events
[    0.448346] iommu: Default domain type: Translated
[    0.448346] iommu: DMA domain TLB invalidation policy: lazy mode
[    0.448346] SCSI subsystem initialized
[    0.448346] libata version 3.00 loaded.
[    0.448346] pci 0000:00:02.0: vgaarb: setting as boot VGA device
[    0.448346] pci 0000:00:02.0: vgaarb: VGA device added: decodes=io+mem,owns=io+mem,locks=none
[    0.448346] pci 0000:00:02.0: vgaarb: bridge control possible
[    0.448346] vgaarb: loaded
[    0.448346] ACPI: bus type USB registered
[    0.448346] usbcore: registered new interface driver usbfs
[    0.448346] usbcore: registered new interface driver hub
[    0.448346] usbcore: registered new device driver usb
[    0.448346] pps_core: LinuxPPS API ver. 1 registered
[    0.448346] pps_core: Software ver. 5.3.6 - Copyright 2005-2007 Rodolfo Giometti <giometti@linux.it>
[    0.448346] PTP clock support registered
[    0.448346] EDAC MC: Ver: 3.0.0
[    0.448346] Registered efivars operations
[    0.449883] NetLabel: Initializing
[    0.449884] NetLabel:  domain hash size = 128
[    0.449885] NetLabel:  protocols = UNLABELED CIPSOv4 CALIPSO
[    0.449895] NetLabel:  unlabeled traffic allowed by default
[    0.449903] PCI: Using ACPI for IRQ routing
[    0.462903] PCI: pci_cache_line_size set to 64 bytes
[    0.463166] e820: reserve RAM buffer [mem 0x0009e000-0x0009ffff]
[    0.463169] e820: reserve RAM buffer [mem 0x6cc1e018-0x6fffffff]
[    0.463170] e820: reserve RAM buffer [mem 0x7023c000-0x73ffffff]
[    0.463170] e820: reserve RAM buffer [mem 0x7329c000-0x73ffffff]
[    0.463171] e820: reserve RAM buffer [mem 0x759b2000-0x77ffffff]
[    0.463172] e820: reserve RAM buffer [mem 0x77f19000-0x77ffffff]
[    0.463172] e820: reserve RAM buffer [mem 0x7ad00000-0x7bffffff]
[    0.463173] e820: reserve RAM buffer [mem 0x47c800000-0x47fffffff]
[    0.466542] clocksource: Switched to clocksource tsc-early
[    0.472401] VFS: Disk quotas dquot_6.6.0
[    0.472414] VFS: Dquot-cache hash table entries: 512 (order 0, 4096 bytes)
[    0.472493] AppArmor: AppArmor Filesystem Enabled
[    0.472526] pnp: PnP ACPI init
[    0.472647] system 00:00: [mem 0x40000000-0x403fffff] has been reserved
[    0.472819] system 00:01: [io  0x0680-0x069f] has been reserved
[    0.472821] system 00:01: [io  0x164e-0x164f] has been reserved
[    0.472932] system 00:03: [io  0x1854-0x1857] has been reserved
[    0.473202] system 00:06: [mem 0xfed10000-0xfed17fff] has been reserved
[    0.473203] system 00:06: [mem 0xfed18000-0xfed18fff] has been reserved
[    0.473204] system 00:06: [mem 0xfed19000-0xfed19fff] has been reserved
[    0.473205] system 00:06: [mem 0xf0000000-0xf7ffffff] has been reserved
[    0.473206] system 00:06: [mem 0xfed20000-0xfed3ffff] has been reserved
[    0.473207] system 00:06: [mem 0xfed90000-0xfed93fff] could not be reserved
[    0.473208] system 00:06: [mem 0xfed45000-0xfed8ffff] has been reserved
[    0.473209] system 00:06: [mem 0xfee00000-0xfeefffff] could not be reserved
[    0.473387] system 00:07: [io  0x1800-0x18fe] could not be reserved
[    0.473389] system 00:07: [mem 0xfd000000-0xfd69ffff] has been reserved
[    0.473390] system 00:07: [mem 0xfd6b0000-0xfd6cffff] has been reserved
[    0.473391] system 00:07: [mem 0xfd6f0000-0xfdffffff] has been reserved
[    0.473392] system 00:07: [mem 0xfe000000-0xfe01ffff] could not be reserved
[    0.473393] system 00:07: [mem 0xfe200000-0xfe7fffff] has been reserved
[    0.473394] system 00:07: [mem 0xff000000-0xffffffff] has been reserved
[    0.473632] system 00:08: [io  0x2000-0x20fe] has been reserved
